#
# A fatal error has been detected by the Java Runtime Environment:
#
#  EXCEPTION_ACCESS_VIOLATION (0xc0000005) at pc=0x00007ff861adf1c1, pid=15968, tid=14204
#
# JRE version: Java(TM) SE Runtime Environment (26.0.1+8) (build 26.0.1+8-34)
# Java VM: Java HotSpot(TM) 64-Bit Server VM (26.0.1+8-34, mixed mode, sharing, tiered, compressed oops, compressed class ptrs, g1 gc, windows-amd64)
# Problematic frame:
# C  [awt.dll+0xdf1c1]
#
# No core dump will be written. Minidumps are not enabled by default on client versions of Windows
#
# If you would like to submit a bug report, please visit:
#   https://bugreport.java.com/bugreport/crash.jsp
# The crash happened outside the Java Virtual Machine in native code.
# See problematic frame for where to report the bug.
#

---------------  S U M M A R Y ------------

Command Line: C:\Users\leire\Documents\programa ope\preguntasTest\MiProyecto.jar

Host: AMD Ryzen AI 7 350 w/ Radeon 860M              , 16 cores, 15G,  Windows 11 , 64 bit Build 26100 (10.0.26100.9168)
Time: Thu Aug 27 17:44:29 2026 Hora de verano romance elapsed time: 4482.361567 seconds (0d 1h 14m 42s)

---------------  T H R E A D  ---------------

Current thread (0x000002566c713680):  JavaThread "AWT-Windows" daemon [_thread_in_native, id=14204, stack(0x000000bea2200000,0x000000bea2300000) (1024K)]

Stack: [0x000000bea2200000,0x000000bea2300000],  sp=0x000000bea22fee10,  free space=1019k
Native frames: (J=compiled Java code, j=interpreted, Vv=VM code, C=native code)
C  [awt.dll+0xdf1c1]  (no source info available)
C  [awt.dll+0x98b0c]  (no source info available)
C  [awt.dll+0x98bb6]  (no source info available)
C  [awt.dll+0x95f1c]  (no source info available)
C  [awt.dll+0xe38cf]  (no source info available)
C  [awt.dll+0xb2fcd]  (no source info available)
C  [awt.dll+0x990f0]  (no source info available)
C  [USER32.dll+0xc366]  (no source info available)
C  [USER32.dll+0xbe2c]  (no source info available)
C  [awt.dll+0x16613]  (no source info available)
C  [COMCTL32.dll+0x2ced8]  (no source info available)
C  [COMCTL32.dll+0x2ccaf]  (no source info available)
C  [USER32.dll+0xc366]  (no source info available)
C  [USER32.dll+0xa7bd]  (no source info available)
C  [awt.dll+0xd855e]  (no source info available)
C  [awt.dll+0xda482]  (no source info available)
C  0x00000256576ad5f3  (no source info available)

The last pc belongs to native method entry point (kind = native) (printed below).
Java frames: (J=compiled Java code, j=interpreted, Vv=VM code)
j  sun.awt.windows.WToolkit.eventLoop()V+0 java.desktop@26.0.1
j  sun.awt.windows.WToolkit.run()V+56 java.desktop@26.0.1
j  java.lang.Thread.runWith(Ljava/lang/Object;Ljava/lang/Runnable;)V+5 java.base@26.0.1
j  java.lang.Thread.run()V+19 java.base@26.0.1
v  ~StubRoutines::Stub Generator call_stub_stub 0x00000256576a18e2

siginfo: EXCEPTION_ACCESS_VIOLATION (0xc0000005), reading address 0x0000000000000470


Registers:
RAX=0x0000000000000468, RBX=0x0000025676176e80, RCX=0x0000000000000000, RDX=0x0000000000000000
RSP=0x000000bea22fee10, RBP=0x000000bea22fef29, RSI=0x000000007e0109f7, RDI=0x0000000000000000
R8 =0x0000000000000001, R9 =0x000000bea0729000, R10=0x0000000000000000, R11=0x0000000000000246
R12=0x0000000000000000, R13=0x0000000000000001, R14=0x000002567572d5f0, R15=0x0000000000000000
RIP=0x00007ff861adf1c1, EFLAGS=0x0000000000010246

XMM[0]=0x0000000000000000 0x0000000000000000
XMM[1]=0x0000000000000000 0x0000000000000000
XMM[2]=0x0000000000000000 0x0000000000000000
XMM[3]=0x0000000000000000 0x0000000000000000
XMM[4]=0x0000000000000000 0x0000000000000000
XMM[5]=0x0000000000000000 0x0000000000000000
XMM[6]=0x0000000000000000 0x0000000000000000
XMM[7]=0x0000000000000000 0x0000000000000000
XMM[8]=0x0000000000000000 0x0000000000000000
XMM[9]=0x0000000000000000 0x0000000000000000
XMM[10]=0x0000000000000000 0x0000000000000000
XMM[11]=0x0000000000000000 0x0000000000000000
XMM[12]=0x0000000000000000 0x0000000000000000
XMM[13]=0x0000000000000000 0x0000000000000000
XMM[14]=0x0000000000000000 0x0000000000000000
XMM[15]=0x0000000000000000 0x0000000000000000
  MXCSR=0x00001fa0


Register to memory mapping:

RAX=0x0000000000000468 is an unknown value
RBX=0x0000025676176e80 points into unknown readable memory: 0x0000025675d05270 | 70 52 d0 75 56 02 00 00
RCX=0x0 is null
RDX=0x0 is null
RSP=0x000000bea22fee10 is pointing into the stack for thread: 0x000002566c713680
RBP=0x000000bea22fef29 is pointing into the stack for thread: 0x000002566c713680
RSI=0x000000007e0109f7 is an unknown value
RDI=0x0 is null
R8 =0x0000000000000001 is an unknown value
R9 =0x000000bea0729000 points into unknown readable memory: 0x0000000000000000 | 00 00 00 00 00 00 00 00
R10=0x0 is null
R11=0x0000000000000246 is an unknown value
R12=0x0 is null
R13=0x0000000000000001 is an unknown value
R14=0x000002567572d5f0 points into unknown readable memory: 0x00007ff861b0f930 | 30 f9 b0 61 f8 7f 00 00
R15=0x0 is null

Top of Stack: (sp=0x000000bea22fee10)
0x000000bea22fee10:   00007ff861b3d838 000000007e0109f7   8..a.......~....
0x000000bea22fee20:   000002567572d5f0 000002566c713ab0   ..ruV....:qlV...
0x000000bea22fee30:   0000000000000000 00007ff861a98b0c   ...........a....
0x000000bea22fee40:   000000007e0109f7 000002567572d5f0   ...~......ruV...
0x000000bea22fee50:   0000025676176e80 00007ff861a16613   .n.vV....f.a....
0x000000bea22fee60:   000002566c713ab0 00007ff861a98bb6   .:qlV......a....
0x000000bea22fee70:   000002567572d690 0000000000000001   ..ruV...........
0x000000bea22fee80:   0000000000000000 000000bea22fee38   ........8./.....
0x000000bea22fee90:   000002566c713ab0 00007ff861a95f1c   .:qlV...._.a....
0x000000bea22feea0:   000002567572d690 000000bea22fef84   ..ruV...../.....
0x000000bea22feeb0:   0000000000000000 00007ff853e1a6b9   ...........S....
0x000000bea22feec0:   00007ff861a99090 00007ff8bb49c0be   ...a......I.....
0x000000bea22feed0:   000002566c713ab0 00007ff8bb06b099   .:qlV...........
0x000000bea22feee0:   000000be00000310 0000000000000000   ................
0x000000bea22feef0:   000000bea22fef84 0000000000000000   ../.............
0x000000bea22fef00:   0000000000000000 0000000000000000   ................
0x000000bea22fef10:   000002567572d690 000002566c713ab0   ..ruV....:qlV...
0x000000bea22fef20:   0000000000000000 0000000000000000   ................
0x000000bea22fef30:   000062e89ea56f5a 0000000000000000   Zo...b..........
0x000000bea22fef40:   0000000000000000 0000000000000000   ................
0x000000bea22fef50:   0000000000000000 0000000000000000   ................
0x000000bea22fef60:   0000000000000000 0000000000000310   ................
0x000000bea22fef70:   0000000000000000 000002567572d5f0   ..........ruV...
0x000000bea22fef80:   000002567572d5f0 00007ff861ae38cf   ..ruV....8.a....
0x000000bea22fef90:   0000000000000000 0000041d065e872a   ........*.^.....
0x000000bea22fefa0:   00006f7f5faea5d5 0000000000000022   ..._.o..".......
0x000000bea22fefb0:   000000000000c1a5 0000000000000000   ................
0x000000bea22fefc0:   0000000000000000 00007ff8bb03c539   ........9.......
0x000000bea22fefd0:   0000000000000000 0000000000000001   ................
0x000000bea22fefe0:   0000000000000022 00007ff8bb4ecd5f   "......._.N.....
0x000000bea22feff0:   000000000002040c 00007ff8bb03d78a   ................
0x000000bea22ff000:   ffffffffffffffeb 000062e89ea56e6a   ........jn...b..

Instructions: (pc=0x00007ff861adf1c1)
  0x00007ff861adf0c1:   83 ec 28 66 0f 6e c2 0f 5b c0 f3 0f 59 41 48 0f
  0x00007ff861adf0d1:   5a c8 f2 0f 10 05 5d 4b 03 00 f2 0f 5c 0d 65 4b
  0x00007ff861adf0e1:   01 00 66 0f 2f c1 76 0a b8 00 00 00 80 48 83 c4
  0x00007ff861adf0f1:   28 c3 66 0f 2f 0d d5 94 02 00 76 0a b8 ff ff ff
  0x00007ff861adf101:   7f 48 83 c4 28 c3 0f 28 c1 e8 8b 07 01 00 f2 0f
  0x00007ff861adf111:   2c c0 48 83 c4 28 c3 cc cc cc cc cc cc cc cc 48
  0x00007ff861adf121:   83 ec 28 66 0f 6e c2 0f 5b c0 f3 0f 59 41 4c 0f
  0x00007ff861adf131:   5a c8 f2 0f 10 05 fd 4a 03 00 f2 0f 5c 0d 05 4b
  0x00007ff861adf141:   01 00 66 0f 2f c1 76 0a b8 00 00 00 80 48 83 c4
  0x00007ff861adf151:   28 c3 66 0f 2f 0d 75 94 02 00 76 0a b8 ff ff ff
  0x00007ff861adf161:   7f 48 83 c4 28 c3 0f 28 c1 e8 2b 07 01 00 f2 0f
  0x00007ff861adf171:   2c c0 48 83 c4 28 c3 cc cc cc cc cc cc cc cc 48
  0x00007ff861adf181:   8b 49 08 48 85 c9 0f 85 33 78 fe ff 33 c0 c3 48
  0x00007ff861adf191:   89 5c 24 08 48 89 74 24 10 57 48 83 ec 20 8b fa
  0x00007ff861adf1a1:   48 8b f1 e8 37 92 f4 ff 48 8b d8 48 89 44 24 40
  0x00007ff861adf1b1:   41 b8 01 00 00 00 8b d7 48 8b c8 e8 8f 91 f4 ff
=>0x00007ff861adf1c1:   48 8b 48 08 48 85 c9 74 0d 48 8b d6 e8 ee 77 fe
  0x00007ff861adf1d1:   ff 48 8b f8 eb 02 33 ff 48 8b cb e8 bf 93 f4 ff
  0x00007ff861adf1e1:   90 48 8b c7 48 8b 5c 24 30 48 8b 74 24 38 48 83
  0x00007ff861adf1f1:   c4 20 5f c3 cc cc cc cc cc cc cc cc cc cc cc 48
  0x00007ff861adf201:   8b 01 89 10 c3 cc cc cc cc cc cc cc cc cc cc 40
  0x00007ff861adf211:   57 48 83 ec 40 48 83 79 38 00 48 8b f9 0f 84 b9
  0x00007ff861adf221:   01 00 00 48 8b 0d d5 ac 06 00 ba 02 00 01 00 48
  0x00007ff861adf231:   89 5c 24 58 48 89 74 24 68 e8 f0 ce 00 00 4c 8b
  0x00007ff861adf241:   05 02 b2 06 00 48 8b c8 48 8b 57 38 48 8b d8 4c
  0x00007ff861adf251:   8b 08 4d 8b 91 f8 02 00 00 41 ff d2 48 8b f0 48
  0x00007ff861adf261:   85 c0 0f 84 6a 01 00 00 48 8b 0b 48 8b d0 4c 8b
  0x00007ff861adf271:   05 c2 b1 06 00 4c 8b 89 00 01 00 00 48 8b cb 41
  0x00007ff861adf281:   ff d1 84 c0 0f 84 48 01 00 00 48 8b 03 48 8b d6
  0x00007ff861adf291:   48 8b 7f 08 48 8b cb 4c 8b 05 b1 b1 06 00 48 81
  0x00007ff861adf2a1:   c7 00 04 00 00 48 89 6c 24 60 4c 8b 88 f8 02 00
  0x00007ff861adf2b1:   00 4c 89 64 24 38 41 ff d1 48 8b 0b 48 8b d6 4c


Stack slot to memory mapping:

stack at sp + 0 slots: 0x00007ff861b3d838 awt.dll
stack at sp + 1 slots: 0x000000007e0109f7 is an unknown value
stack at sp + 2 slots: 0x000002567572d5f0 points into unknown readable memory: 0x00007ff861b0f930 | 30 f9 b0 61 f8 7f 00 00
stack at sp + 3 slots: 0x000002566c713ab0 points into unknown readable memory: 0x00007ff8546684d0 | d0 84 66 54 f8 7f 00 00
stack at sp + 4 slots: 0x0 is null
stack at sp + 5 slots: 0x00007ff861a98b0c awt.dll
stack at sp + 6 slots: 0x000000007e0109f7 is an unknown value
stack at sp + 7 slots: 0x000002567572d5f0 points into unknown readable memory: 0x00007ff861b0f930 | 30 f9 b0 61 f8 7f 00 00

Lock stack of current Java thread (top to bottom):

native method entry point (kind = native)  [0x00000256576ad220, 0x00000256576ade18]  3064 bytes

Loading hsdis library failed, undisassembled code is shown in MachCode section
[MachCode]
  0x00000256576ad220: 488b 4b08 | 0fb7 492e | 584c 8d74 | ccf8 6800 | 0000 0068 | 0000 0000 | 5055 488b | ec41 5548 
  0x00000256576ad240: 8b43 084c | 8d68 3848 | 8b40 0868 | 0000 0000 | 5348 8b50 | 1848 8b52 | 7048 8b12 | 5248 8b53 
  0x00000256576ad260: 1048 85d2 | 7407 4881 | c2d0 0000 | 0052 488b | 5010 5249 | 8bc6 482b | c548 c1e8 | 0350 6800 
  0x00000256576ad280: 0000 0068 | f7ff ffff | 41c6 87ca | 0400 0001 | 488b 4310 | 4885 c074 | 208b 8890 | 0000 0083 
  0x00000256576ad2a0: c102 8988 | 9000 0000 | 2388 a400 | 0000 0f84 | b30a 0000 | e9cf 0000 | 0048 8b43 | 1848 85c0 
  0x00000256576ad2c0: 0f85 b000 | 0000 e805 | 0000 00e9 | 9900 0000 | 488b d348 | 8d44 2408 | 4c89 6dc0 | 498b cfc5 
  0x00000256576ad2e0: f877 4989 | af20 0400 | 0049 8987 | 1004 0000 | 4883 ec20 | 40f6 c40f | 0f84 1900 | 0000 4883 
  0x00000256576ad300: ec08 48b8 | 4074 da53 | f87f 0000 | ffd0 4883 | c408 e90c | 0000 0048 | b840 74da | 53f8 7f00 
  0x00000256576ad320: 00ff d048 | 83c4 2049 | c787 1004 | 0000 0000 | 0000 49c7 | 8720 0400 | 0000 0000 | 0049 c787 
  0x00000256576ad340: 1804 0000 | 0000 0000 | c5f8 7749 | 837f 0800 | 0f84 0500 | 0000 e985 | 44ff ff4c | 8b6d c04c 
  0x00000256576ad360: 8b75 c84e | 8d74 f500 | c348 8b43 | 1848 85c0 | 0f84 1200 | 0000 8b48 | 0883 c102 | 8948 0823 
  0x00000256576ad380: 482c 0f84 | df09 0000 | 493b a750 | 0500 000f | 8748 0000 | 0089 8424 | 00f0 ffff | 8984 2400 
  0x00000256576ad3a0: e0ff ff89 | 8424 00d0 | ffff 8984 | 2400 c0ff | ff89 8424 | 00b0 ffff | 8984 2400 | a0ff ff89 
  0x00000256576ad3c0: 8424 0090 | ffff 8984 | 2400 80ff | ff49 3ba7 | 4805 0000 | 7607 4989 | a750 0500 | 0041 c687 
  0x00000256576ad3e0: ca04 0000 | 0048 8b5d | e84c 8b5b | 0845 0fb7 | 5b2e 41c1 | e303 492b | e348 83ec | 2048 83e4 
  0x00000256576ad400: f04c 8b5b | 604d 85db | 0f85 ab00 | 0000 e805 | 0000 00e9 | 9900 0000 | 488b d348 | 8d44 2408 
  0x00000256576ad420: 4c89 6dc0 | 498b cfc5 | f877 4989 | af20 0400 | 0049 8987 | 1004 0000 | 4883 ec20 | 40f6 c40f 
  0x00000256576ad440: 0f84 1900 | 0000 4883 | ec08 48b8 | 009e da53 | f87f 0000 | ffd0 4883 | c408 e90c | 0000 0048 
  0x00000256576ad460: b800 9eda | 53f8 7f00 | 00ff d048 | 83c4 2049 | c787 1004 | 0000 0000 | 0000 49c7 | 8720 0400 
  0x00000256576ad480: 0000 0000 | 0049 c787 | 1804 0000 | 0000 0000 | c5f8 7749 | 837f 0800 | 0f84 0500 | 0000 e93d 
  0x00000256576ad4a0: 43ff ff4c | 8b6d c04c | 8b75 c84e | 8d74 f500 | c348 8b5d | e84c 8b5b | 6041 ffd3 | 488b 5de8 
  0x00000256576ad4c0: 4889 4518 | 440f b75b | 2c41 f6c3 | 080f 841b | 0000 004c | 8b5b 084d | 8b5b 084d | 8b5b 184d 
  0x00000256576ad4e0: 8b5b 704d | 8b1b 4c89 | 5d10 488d | 5510 488b | 4358 49ba | 1050 1754 | f87f 0000 | 493b c20f 
  0x00000256576ad500: 85ab 0000 | 00e8 0500 | 0000 e999 | 0000 0048 | 8bd3 488d | 4424 084c | 896d c049 | 8bcf c5f8 
  0x00000256576ad520: 7749 89af | 2004 0000 | 4989 8710 | 0400 0048 | 83ec 2040 | f6c4 0f0f | 8419 0000 | 0048 83ec 
  0x00000256576ad540: 0848 b800 | 9eda 53f8 | 7f00 00ff | d048 83c4 | 08e9 0c00 | 0000 48b8 | 009e da53 | f87f 0000 
  0x00000256576ad560: ffd0 4883 | c420 49c7 | 8710 0400 | 0000 0000 | 0049 c787 | 2004 0000 | 0000 0000 | 49c7 8718 
  0x00000256576ad580: 0400 0000 | 0000 00c5 | f877 4983 | 7f08 000f | 8405 0000 | 00e9 4642 | ffff 4c8b | 6dc0 4c8b 
  0x00000256576ad5a0: 75c8 4e8d | 74f5 00c3 | 488b 5de8 | 488b 4358 | 498d 8f30 | 0400 004c | 8d15 d500 | 0000 4d89 
  0x00000256576ad5c0: 9718 0400 | 00c5 f877 | 4989 af20 | 0400 0049 | 89a7 1004 | 0000 41c7 | 87ac 0400 | 0004 0000 
  0x00000256576ad5e0: 0049 3ba7 | a805 0000 | 7607 4989 | a7a8 0500 | 00ff d049 | 3ba7 a805 | 0000 720b | 49c7 87a8 
  0x00000256576ad600: 0500 0000 | 0000 00c5 | f877 4883 | ec10 c5fb | 1104 2448 | 83ec 1048 | 8904 2448 | c744 2408 
  0x00000256576ad620: 0000 0000 | 41c7 87ac | 0400 0005 | 0000 00f0 | 8344 24c0 | 0049 3b6f | 280f 870e | 0000 0041 
  0x00000256576ad640: 83bf a804 | 0000 000f | 8420 0000 | 0049 8bcf | 4c8b e448 | 83ec 2048 | 83e4 f048 | b850 06dc 
  0x00000256576ad660: 53f8 7f00 | 00ff d049 | 8be4 4d33 | e441 c787 | ac04 0000 | 0800 0000 | 4d8b 97c0 | 0500 0049 
  0x00000256576ad680: 83fa 0074 | 3549 c787 | c005 0000 | 0000 0000 | 41ff e249 | ba60 c16a | 5756 0200 | 0041 ffd2 
  0x00000256576ad6a0: 4883 ec10 | c5fb 1104 | 2448 83ec | 1048 8904 | 2448 c744 | 2408 0000 | 0000 49c7 | 8710 0400 
  0x00000256576ad6c0: 0000 0000 | 0049 c787 | 2004 0000 | 0000 0000 | 49c7 8718 | 0400 0000 | 0000 00c5 | f877 4d8b 
  0x00000256576ad6e0: 9f90 0400 | 0041 c783 | 0001 0000 | 0000 0000 | 49bb 5aaa | 6a57 5602 | 0000 4c3b | 5d18 0f85 
  0x00000256576ad700: 5602 0000 | 488b 0424 | 4883 c410 | 4885 c00f | 8430 0200 | 00a8 030f | 8508 0000 | 0048 8b00 
  0x00000256576ad720: e920 0200 | 00a8 010f | 8509 0000 | 0048 8b40 | fee9 0f02 | 0000 488b | 40ff 4180 | 7f48 000f 
  0x00000256576ad740: 8400 0200 | 0048 85c0 | 0f84 f701 | 0000 4d8b | 5f38 4d85 | db74 1449 | 83eb 084d | 895f 384d 
  0x00000256576ad760: 035f 4049 | 8903 e9da | 0100 0048 | 81ec f000 | 0000 4889 | 0424 4889 | 4c24 0848 | 8954 2410 
  0x00000256576ad780: 4c89 4424 | 184c 894c | 2420 4c89 | 5424 284c | 895c 2430 | c5fb 1144 | 2440 c5fb | 114c 2448 
  0x00000256576ad7a0: c5fb 1154 | 2450 c5fb | 115c 2458 | c5fb 1164 | 2460 c5fb | 116c 2468 | 62e1 ff08 | 1144 240e 
  0x00000256576ad7c0: 62e1 ff08 | 114c 240f | 62e1 ff08 | 1154 2410 | 62e1 ff08 | 115c 2411 | 62e1 ff08 | 1164 2412 
  0x00000256576ad7e0: 62e1 ff08 | 116c 2413 | 62e1 ff08 | 1174 2414 | 62e1 ff08 | 117c 2415 | 6261 ff08 | 1144 2416 
  0x00000256576ad800: 6261 ff08 | 114c 2417 | 6261 ff08 | 1154 2418 | 6261 ff08 | 115c 2419 | 6261 ff08 | 1164 241a 
  0x00000256576ad820: 6261 ff08 | 116c 241b | 6261 ff08 | 1174 241c | 6261 ff08 | 117c 241d | 498b d748 | 8bc8 4883 
  0x00000256576ad840: ec20 40f6 | c40f 0f84 | 1900 0000 | 4883 ec08 | 48b8 80ad | ce53 f87f | 0000 ffd0 | 4883 c408 
  0x00000256576ad860: e90c 0000 | 0048 b880 | adce 53f8 | 7f00 00ff | d048 83c4 | 2062 61ff | 0810 7c24 | 1d62 61ff 
  0x00000256576ad880: 0810 7424 | 1c62 61ff | 0810 6c24 | 1b62 61ff | 0810 6424 | 1a62 61ff | 0810 5c24 | 1962 61ff 
  0x00000256576ad8a0: 0810 5424 | 1862 61ff | 0810 4c24 | 1762 61ff | 0810 4424 | 1662 e1ff | 0810 7c24 | 1562 e1ff 
  0x00000256576ad8c0: 0810 7424 | 1462 e1ff | 0810 6c24 | 1362 e1ff | 0810 6424 | 1262 e1ff | 0810 5c24 | 1162 e1ff 
  0x00000256576ad8e0: 0810 5424 | 1062 e1ff | 0810 4c24 | 0f62 e1ff | 0810 4424 | 0ec5 fb10 | 6c24 68c5 | fb10 6424 
  0x00000256576ad900: 60c5 fb10 | 5c24 58c5 | fb10 5424 | 50c5 fb10 | 4c24 48c5 | fb10 4424 | 404c 8b5c | 2430 4c8b 
  0x00000256576ad920: 5424 284c | 8b4c 2420 | 4c8b 4424 | 1848 8b54 | 2410 488b | 4c24 0848 | 8b04 2448 | 81c4 f000 
  0x00000256576ad940: 0000 c5f8 | 7748 8945 | 1048 83ec | 1048 8904 | 2448 c744 | 2408 0000 | 0000 4183 | bf30 0500 
  0x00000256576ad960: 0002 0f85 | bf00 0000 | 4881 ec80 | 0000 0048 | 8944 2478 | 4889 4c24 | 7048 8954 | 2468 4889 
  0x00000256576ad980: 5c24 6048 | 896c 2450 | 4889 7424 | 4848 897c | 2440 4c89 | 4424 384c | 894c 2430 | 4c89 5424 
  0x00000256576ad9a0: 284c 895c | 2420 4c89 | 6424 184c | 896c 2410 | 4c89 7424 | 084c 893c | 244c 8be4 | 4883 ec20 
  0x00000256576ad9c0: 4883 e4f0 | 48b8 9037 | 1754 f87f | 0000 ffd0 | 498b e44c | 8b3c 244c | 8b74 2408 | 4c8b 6c24 
  0x00000256576ad9e0: 104c 8b64 | 2418 4c8b | 5c24 204c | 8b54 2428 | 4c8b 4c24 | 304c 8b44 | 2438 488b | 7c24 4048 
  0x00000256576ada00: 8b74 2448 | 488b 6c24 | 5048 8b5c | 2460 488b | 5424 6848 | 8b4c 2470 | 488b 4424 | 7848 81c4 
  0x00000256576ada20: 8000 0000 | 4d33 e448 | 8b5d e84c | 8b6b 084d | 8d6d 3849 | 837f 0800 | 0f84 bb00 | 0000 e805 
  0x00000256576ada40: 0000 00e9 | 9600 0000 | 488d 4424 | 084c 896d | c049 8bcf | c5f8 7749 | 89af 2004 | 0000 4989 
  0x00000256576ada60: 8710 0400 | 0048 83ec | 2040 f6c4 | 0f0f 8419 | 0000 0048 | 83ec 0848 | b830 bcda | 53f8 7f00 
  0x00000256576ada80: 00ff d048 | 83c4 08e9 | 0c00 0000 | 48b8 30bc | da53 f87f | 0000 ffd0 | 4883 c420 | 49c7 8710 
  0x00000256576adaa0: 0400 0000 | 0000 0049 | c787 2004 | 0000 0000 | 0000 49c7 | 8718 0400 | 0000 0000 | 00c5 f877 
  0x00000256576adac0: 4983 7f08 | 000f 8405 | 0000 00e9 | 103d ffff | 4c8b 6dc0 | 4c8b 75c8 | 4e8d 74f5 | 00c3 48b9 
  0x00000256576adae0: 3872 4254 | f87f 0000 | 4883 e4f0 | 48b8 30e5 | 0354 f87f | 0000 ffd0 | f444 0fb7 | 5b2c 41f6 
  0x00000256576adb00: c320 0f84 | 7201 0000 | 488d 55a8 | 4c8b 5a08 | 4d85 db0f | 85bb 0000 | 00e8 0500 | 0000 e996 
  0x00000256576adb20: 0000 0048 | 8d44 2408 | 4c89 6dc0 | 498b cfc5 | f877 4989 | af20 0400 | 0049 8987 | 1004 0000 
  0x00000256576adb40: 4883 ec20 | 40f6 c40f | 0f84 1900 | 0000 4883 | ec08 48b8 | 60bb da53 | f87f 0000 | ffd0 4883 
  0x00000256576adb60: c408 e90c | 0000 0048 | b860 bbda | 53f8 7f00 | 00ff d048 | 83c4 2049 | c787 1004 | 0000 0000 
  0x00000256576adb80: 0000 49c7 | 8720 0400 | 0000 0000 | 0049 c787 | 1804 0000 | 0000 0000 | c5f8 7749 | 837f 0800 
  0x00000256576adba0: 0f84 0500 | 0000 e935 | 3cff ff4c | 8b6d c04c | 8b75 c84e | 8d74 f500 | c348 b938 | 7242 54f8 
  0x00000256576adbc0: 7f00 0048 | 83e4 f048 | b830 e503 | 54f8 7f00 | 00ff d0f4 | 4c89 6dc0 | 4c8b 4a08 | 48c7 4208 
  0x00000256576adbe0: 0000 0000 | 458b 87c8 | 0600 004f | 3b4c 07f8 | 0f85 4200 | 0000 4183 | afc8 0600 | 0008 4f3b 
  0x00000256576adc00: 4c07 f00f | 842a 0000 | 0049 8b01 | a802 0f85 | 1200 0000 | 4c8b c049 | 83c8 01f0 | 4d0f b101 
  0x00000256576adc20: 0f84 0d00 | 0000 4183 | 87c8 0600 | 0008 e905 | 0000 00e9 | 3e00 0000 | 4c89 4a08 | 488b ca48 
  0x00000256576adc40: 83ec 2040 | f6c4 0f0f | 8419 0000 | 0048 83ec | 0848 b890 | 8dda 53f8 | 7f00 00ff | d048 83c4 
  0x00000256576adc60: 08e9 0c00 | 0000 48b8 | 908d da53 | f87f 0000 | ffd0 4883 | c420 4c8b | 6dc0 41c6 | 877e 0300 
  0x00000256576adc80: 0001 493b | 6f28 0f87 | 0500 0000 | e9ab 0000 | 0048 83ec | 10c5 fb11 | 0424 4883 | ec10 4889 
  0x00000256576adca0: 0424 48c7 | 4424 0800 | 0000 00c5 | f877 4989 | af20 0400 | 0049 baab | dc6a 5756 | 0200 004d 
  0x00000256576adcc0: 8997 1804 | 0000 4989 | a710 0400 | 0049 8bcf | 4883 ec20 | 40f6 c40f | 0f84 1900 | 0000 4883 
  0x00000256576adce0: ec08 48b8 | d073 da53 | f87f 0000 | ffd0 4883 | c408 e90c | 0000 0048 | b8d0 73da | 53f8 7f00 
  0x00000256576add00: 00ff d048 | 83c4 2049 | c787 1004 | 0000 0000 | 0000 49c7 | 8720 0400 | 0000 0000 | 0049 c787 
  0x00000256576add20: 1804 0000 | 0000 0000 | c5f8 7748 | 8b04 2448 | 83c4 10c5 | fb10 0424 | 4883 c410 | 488b 0424 
  0x00000256576add40: 4883 c410 | c5fb 1004 | 2448 83c4 | 104c 8b5d | 1841 ffd3 | 4c8b 5df8 | c941 c687 | 7e03 0000 
  0x00000256576add60: 005f 498b | e3ff e7ba | 0000 0000 | e805 0000 | 00e9 9600 | 0000 488d | 4424 084c | 896d c049 
  0x00000256576add80: 8bcf c5f8 | 7749 89af | 2004 0000 | 4989 8710 | 0400 0048 | 83ec 2040 | f6c4 0f0f | 8419 0000 
  0x00000256576adda0: 0048 83ec | 0848 b890 | 83da 53f8 | 7f00 00ff | d048 83c4 | 08e9 0c00 | 0000 48b8 | 9083 da53 
  0x00000256576addc0: f87f 0000 | ffd0 4883 | c420 49c7 | 8710 0400 | 0000 0000 | 0049 c787 | 2004 0000 | 0000 0000 
  0x00000256576adde0: 49c7 8718 | 0400 0000 | 0000 00c5 | f877 4983 | 7f08 000f | 8405 0000 | 00e9 e239 | ffff 4c8b 
  0x00000256576ade00: 6dc0 4c8b | 75c8 4e8d | 74f5 00c3 | 488b 5de8 | e973 f5ff | ff66 6690 
[/MachCode]

---------------  P R O C E S S  ---------------

Threads class SMR info:
_java_thread_list=0x0000025602738920, length=17, elements={
0x0000025667c8a1e0, 0x0000025667c8baf0, 0x0000025667c92460, 0x0000025667c96ba0,
0x0000025667c9d8a0, 0x0000025667c9e450, 0x0000025667ca1990, 0x0000025667ca6380,
0x0000025667c6d6b0, 0x000002566c0546e0, 0x000002566c70bda0, 0x000002566c70fbf0,
0x000002566c713680, 0x00000256756a4dc0, 0x000002564503e840, 0x000002567591a840,
0x000002567e3cd840
}

Java Threads: ( => current thread )
  0x0000025667c8a1e0 JavaThread "Reference Handler"          daemon [_thread_blocked, id=20032, stack(0x000000bea1400000,0x000000bea1500000) (1024K)]
  0x0000025667c8baf0 JavaThread "Finalizer"                  daemon [_thread_blocked, id=18312, stack(0x000000bea1500000,0x000000bea1600000) (1024K)]
  0x0000025667c92460 JavaThread "Signal Dispatcher"          daemon [_thread_blocked, id=21500, stack(0x000000bea1600000,0x000000bea1700000) (1024K)]
  0x0000025667c96ba0 JavaThread "Attach Listener"            daemon [_thread_blocked, id=6852, stack(0x000000bea1700000,0x000000bea1800000) (1024K)]
  0x0000025667c9d8a0 JavaThread "Service Thread"             daemon [_thread_blocked, id=3496, stack(0x000000bea1800000,0x000000bea1900000) (1024K)]
  0x0000025667c9e450 JavaThread "Monitor Deflation Thread"   daemon [_thread_blocked, id=7728, stack(0x000000bea1900000,0x000000bea1a00000) (1024K)]
  0x0000025667ca1990 JavaThread "C2 CompilerThread0"         daemon [_thread_blocked, id=19020, stack(0x000000bea1a00000,0x000000bea1b00000) (1024K)]
  0x0000025667ca6380 JavaThread "C1 CompilerThread0"         daemon [_thread_blocked, id=17240, stack(0x000000bea1b00000,0x000000bea1c00000) (1024K)]
  0x0000025667c6d6b0 JavaThread "Notification Thread"        daemon [_thread_blocked, id=16612, stack(0x000000bea1c00000,0x000000bea1d00000) (1024K)]
  0x000002566c0546e0 JavaThread "Common-Cleaner"             daemon [_thread_blocked, id=14296, stack(0x000000bea1d00000,0x000000bea1e00000) (1024K)]
  0x000002566c70bda0 JavaThread "Java2D Disposer"            daemon [_thread_blocked, id=14900, stack(0x000000bea2000000,0x000000bea2100000) (1024K)]
  0x000002566c70fbf0 JavaThread "AWT-Shutdown"                      [_thread_blocked, id=14256, stack(0x000000bea2100000,0x000000bea2200000) (1024K)]
=>0x000002566c713680 JavaThread "AWT-Windows"                daemon [_thread_in_native, id=14204, stack(0x000000bea2200000,0x000000bea2300000) (1024K)]
  0x00000256756a4dc0 JavaThread "AWT-EventQueue-0"                  [_thread_in_native, id=2988, stack(0x000000bea3500000,0x000000bea3600000) (1024K)]
  0x000002564503e840 JavaThread "DestroyJavaVM"                     [_thread_blocked, id=22928, stack(0x000000bea0b00000,0x000000bea0c00000) (1024K)]
  0x000002567591a840 JavaThread "D3D Screen Updater"         daemon [_thread_in_native, id=17284, stack(0x000000bea3c00000,0x000000bea3d00000) (1024K)]
  0x000002567e3cd840 JavaThread "TimerQueue"                 daemon [_thread_blocked, id=25028, stack(0x000000bea2800000,0x000000bea2900000) (1024K)]
Total: 17

Other Threads:
  0x0000025667c7b3d0 VMThread "VM Thread"                           [id=13520, stack(0x000000bea1300000,0x000000bea1400000) (1024K)]
  0x0000025667b38490 WatcherThread "VM Periodic Task Thread"        [id=23076, stack(0x000000bea1200000,0x000000bea1300000) (1024K)]
  0x00000256475f1bd0 WorkerThread "GC Thread#0"                     [id=18988, stack(0x000000bea0c00000,0x000000bea0d00000) (1024K)]
  0x000002567564b440 WorkerThread "GC Thread#1"                     [id=1680, stack(0x000000bea3200000,0x000000bea3300000) (1024K)]
  0x000002567564bc70 WorkerThread "GC Thread#2"                     [id=14468, stack(0x000000bea3300000,0x000000bea3400000) (1024K)]
  0x000002567564c090 WorkerThread "GC Thread#3"                     [id=16788, stack(0x000000bea3400000,0x000000bea3500000) (1024K)]
  0x00000256757388f0 WorkerThread "GC Thread#4"                     [id=21632, stack(0x000000bea3600000,0x000000bea3700000) (1024K)]
  0x000002567573a720 WorkerThread "GC Thread#5"                     [id=6524, stack(0x000000bea3700000,0x000000bea3800000) (1024K)]
  0x000002566c9fe7e0 WorkerThread "GC Thread#6"                     [id=24924, stack(0x000000bea2600000,0x000000bea2700000) (1024K)]
  0x000002566ca053b0 WorkerThread "GC Thread#7"                     [id=9324, stack(0x000000bea2700000,0x000000bea2800000) (1024K)]
  0x000002566ca04f60 WorkerThread "GC Thread#8"                     [id=24424, stack(0x000000bea2900000,0x000000bea2a00000) (1024K)]
  0x0000025675f96a80 WorkerThread "GC Thread#9"                     [id=4836, stack(0x000000bea0800000,0x000000bea0900000) (1024K)]
  0x000002564760a560 ConcurrentGCThread "G1 Main Marker"            [id=8960, stack(0x000000bea0d00000,0x000000bea0e00000) (1024K)]
  0x000002564760b680 WorkerThread "G1 Conc#0"                       [id=2980, stack(0x000000bea0e00000,0x000000bea0f00000) (1024K)]
  0x000002567573afc0 WorkerThread "G1 Conc#1"                       [id=8976, stack(0x000000bea2300000,0x000000bea2400000) (1024K)]
  0x000002567573b860 WorkerThread "G1 Conc#2"                       [id=21304, stack(0x000000bea2400000,0x000000bea2500000) (1024K)]
  0x0000025667b2ea80 WorkerThread "G1 Refinement Workers#0"         [id=2236, stack(0x000000bea1000000,0x000000bea1100000) (1024K)]
  0x0000025667b2e0c0 ConcurrentGCThread "G1 Refine Control"         [id=16748, stack(0x000000bea0f00000,0x000000bea1000000) (1024K)]
  0x000002564765cf50 ConcurrentGCThread "G1 Service"                [id=19360, stack(0x000000bea1100000,0x000000bea1200000) (1024K)]
Total: 19

Threads with active compile tasks:
Total: 0

VM state: not at safepoint (normal execution)

VM Mutex/Monitor currently owned by a thread: None

Heap address: 0x000000070d600000, size: 3882 MB, Compressed Oops mode: Zero based, Oop shift amount: 3

CDS archive(s) mapped at: [0x000000002a000000-0x000000002ade0000-0x000000002ade0000), size 14548992, SharedBaseAddress: 0x000000002a000000, ArchiveRelocationMode: 1.
Compressed class space mapped at: 0x000000002b000000-0x000000006b000000, reserved size: 1073741824
UseCompressedClassPointers 1, UseCompactObjectHeaders 0
Narrow klass pointer bits 32, Max shift 3
Narrow klass base: 0x000000002a000000, Narrow klass shift: 0
Encoding Range: [0x000000002a000000 - 0x000000012a000000), (4294967296 bytes)
Klass Range:    [0x000000002a000000 - 0x000000006b000000), (1090519040 bytes)
Klass ID Range:  [8 - 1090519033) (1090519025)
Protection zone: [0x000000002a000000 - 0x000000002a010000), (65536 bytes)

GC Precious Log:
 CardTable entry size: 512
 Card Set container configuration: InlinePtr #cards 4 size 8 Array Of Cards #cards 16 size 48 Howl #buckets 8 coarsen threshold 3686 Howl Bitmap #cards 512 size 80 coarsen threshold 460 Card regions per heap region 1 cards per card region 4096
 CPUs: 16 total, 16 available
 Memory: 15525M
 Large Page Support: Disabled
 NUMA Support: Disabled
 Compressed Oops: Enabled (Zero based)
 Heap Region Size: 2M
 Heap Min Capacity: 8M
 Heap Initial Capacity: 8M
 Heap Max Capacity: 3882M
 Pre-touch: Disabled
 Parallel Workers: 13
 Concurrent Workers: 3
 Concurrent Refinement Workers: 13
 Periodic GC: Disabled

Heap:
 garbage-first heap   total reserved 3975168K, committed 28672K, used 15058K [0x000000070d600000, 0x0000000800000000)
  region size 2M, 3 eden (6M), 1 survivor (2M), 5 old (10M), 0 humongous (0M), 5 free (10M)

Heap Regions: E=young(eden), S=young(survivor), O=old, HS=humongous(starts), HC=humongous(continues), CS=collection set, F=free, TAMS=top-at-mark-start, PB=parsable bottom
|    0|0x000000070d600000, 0x000000070d800000, 0x000000070d800000|100%| O|  |TAMS 0x000000070d600000| PB 0x000000070d600000| Untracked |  0
|    1|0x000000070d800000, 0x000000070da00000, 0x000000070da00000|100%| O|  |TAMS 0x000000070d800000| PB 0x000000070d800000| Untracked |  0
|    2|0x000000070da00000, 0x000000070da00000, 0x000000070dc00000|  0%| F|  |TAMS 0x000000070da00000| PB 0x000000070da00000| Untracked |  0
|    3|0x000000070dc00000, 0x000000070dc00000, 0x000000070de00000|  0%| F|  |TAMS 0x000000070dc00000| PB 0x000000070dc00000| Untracked |  0
|    4|0x000000070de00000, 0x000000070de00000, 0x000000070e000000|  0%| F|  |TAMS 0x000000070de00000| PB 0x000000070de00000| Untracked |  0
|    5|0x000000070e000000, 0x000000070e000000, 0x000000070e200000|  0%| F|  |TAMS 0x000000070e000000| PB 0x000000070e000000| Untracked |  0
|    6|0x000000070e200000, 0x000000070e2d5d90, 0x000000070e400000| 41%| S|CS|TAMS 0x000000070e200000| PB 0x000000070e200000| Complete  |  0
|    7|0x000000070e400000, 0x000000070e400000, 0x000000070e600000|  0%| F|  |TAMS 0x000000070e400000| PB 0x000000070e400000| Untracked |  0
|    8|0x000000070e600000, 0x000000070e701fb8, 0x000000070e800000| 50%| E|CS|TAMS 0x000000070e600000| PB 0x000000070e600000| Complete  |  0
| 1936|0x00000007ff600000, 0x00000007ff7debc0, 0x00000007ff800000| 93%| O|  |TAMS 0x00000007ff600000| PB 0x00000007ff600000| Untracked |  0
| 1937|0x00000007ff800000, 0x00000007ffa00000, 0x00000007ffa00000|100%| O|  |TAMS 0x00000007ff800000| PB 0x00000007ff800000| Untracked |  0
| 1938|0x00000007ffa00000, 0x00000007ffc00000, 0x00000007ffc00000|100%| E|CS|TAMS 0x00000007ffa00000| PB 0x00000007ffa00000| Complete  |  0
| 1939|0x00000007ffc00000, 0x00000007ffe00000, 0x00000007ffe00000|100%| O|  |TAMS 0x00000007ffc00000| PB 0x00000007ffc00000| Untracked |  0
| 1940|0x00000007ffe00000, 0x0000000800000000, 0x0000000800000000|100%| E|CS|TAMS 0x00000007ffe00000| PB 0x00000007ffe00000| Complete  |  0

Card table byte_map: [0x0000025660a10000,0x00000256611b0000] _byte_map_base: 0x000002565d1a5000
Refinement table byte_map: [0x0000025660270000,0x0000025660a10000] _byte_map_base: 0x000002565ca05000

Marking Bits: (CMBitMap*) 0x00000256475f2150
 Bits: [0x00000256611b0000, 0x0000025664e58000)

Polling page: 0x0000025645390000

Metaspace:
Metaspace        used 18211K, committed 18816K, reserved 1114112K
 class space     used 1973K, committed 2240K, reserved 1048576K

Usage:
  Non-class:     15.86 MB used.
      Class:      1.93 MB used.
       Both:     17.78 MB used.

Virtual space:
  Non-class space:       64.00 MB reserved,      16.19 MB ( 25%) committed,  1 nodes.
      Class space:        1.00 GB reserved,       2.19 MB ( <1%) committed,  1 nodes.
             Both:        1.06 GB reserved,      18.38 MB (  2%) committed. 

Chunk freelists:
   Non-Class:  15.08 MB
       Class:  13.79 MB
        Both:  28.87 MB

MaxMetaspaceSize: unlimited
CompressedClassSpaceSize: 1.00 GB
Initial GC threshold: 21.00 MB
Current GC threshold: 30.62 MB
CDS: on
 - commit_granule_bytes: 65536.
 - commit_granule_words: 8192.
 - virtual_space_node_default_size: 8388608.
 - enlarge_chunks_in_place: 1.
UseCompressedClassPointers 1, UseCompactObjectHeaders 0
Narrow klass pointer bits 32, Max shift 3
Narrow klass base: 0x000000002a000000, Narrow klass shift: 0
Encoding Range: [0x000000002a000000 - 0x000000012a000000), (4294967296 bytes)
Klass Range:    [0x000000002a000000 - 0x000000006b000000), (1090519040 bytes)
Klass ID Range:  [8 - 1090519033) (1090519025)
Protection zone: [0x000000002a000000 - 0x000000002a010000), (65536 bytes)


Internal statistics:

num_allocs_failed_limit: 0.
num_arena_births: 538.
num_arena_deaths: 92.
num_vsnodes_births: 2.
num_vsnodes_deaths: 0.
num_space_committed: 294.
num_space_uncommitted: 0.
num_chunks_returned_to_freelist: 107.
num_chunks_taken_from_freelist: 765.
num_chunk_merges: 19.
num_chunk_splits: 468.
num_chunks_enlarged: 231.
num_inconsistent_stats: 0.

CodeHeap 'non-profiled nmethods': size=119168Kb used=2758Kb max_used=3189Kb free=116409Kb
 bounds [0x0000025657df0000, 0x0000025658120000, 0x000002565f250000]
CodeHeap 'profiled nmethods': size=119168Kb used=8498Kb max_used=10848Kb free=110669Kb
 bounds [0x0000025650240000, 0x0000025650ce0000, 0x00000256576a0000]
CodeHeap 'non-nmethods': size=7488Kb used=1945Kb max_used=3702Kb free=5542Kb
 bounds [0x00000256576a0000, 0x0000025657ac0000, 0x0000025657df0000]
CodeCache: size=245824Kb, used=13201Kb, max_used=17739Kb, free=232620Kb
 total_blobs=6416, nmethods=5553, adapters=756, full_count=0
Compilation: enabled, stopped_count=0, restarted_count=0

Compilation events (20 events):
Event: 4471.580 Thread 0x0000025667ca1990 nmethod 6743 0x0000025657fe5508 code [0x0000025657fe5620, 0x0000025657fe5698]
Event: 4475.265 Thread 0x0000025667ca1990 6744       4       java.awt.Component::isFocusTraversable (17 bytes)
Event: 4475.266 Thread 0x0000025667ca1990 nmethod 6744 0x0000025657f22708 code [0x0000025657f22800, 0x0000025657f22878]
Event: 4478.957 Thread 0x0000025667ca1990 6745       4       javax.swing.text.CompositeView::getViewIndexAtPosition (13 bytes)
Event: 4478.987 Thread 0x0000025667ca1990 nmethod 6745 0x0000025658062808 code [0x0000025658062900, 0x0000025658063908]
Event: 4482.037 Thread 0x0000025667ca6380 6746       3       sun.java2d.d3d.D3DSurfaceData::setSurfaceLost (29 bytes)
Event: 4482.037 Thread 0x0000025667ca6380 nmethod 6746 0x00000256502d2388 code [0x00000256502d2480, 0x00000256502d2858]
Event: 4482.037 Thread 0x0000025667ca6380 6747       3       sun.java2d.SurfaceData::setSurfaceLost (13 bytes)
Event: 4482.037 Thread 0x0000025667ca6380 nmethod 6747 0x000002565033da08 code [0x000002565033db00, 0x000002565033dd10]
Event: 4482.037 Thread 0x0000025667ca6380 6748       3       sun.awt.image.VolatileSurfaceManager::acceleratedSurfaceLost (24 bytes)
Event: 4482.037 Thread 0x0000025667ca6380 nmethod 6748 0x0000025650334d88 code [0x0000025650334e80, 0x0000025650335000]
Event: 4482.342 Thread 0x0000025667ca6380 6749       3       java.lang.invoke.MemberName::isPublic (8 bytes)
Event: 4482.343 Thread 0x0000025667ca6380 nmethod 6749 0x0000025650342288 code [0x0000025650342380, 0x0000025650342528]
Event: 4482.346 Thread 0x0000025667ca6380 6750  s    3       sun.awt.windows.WDesktopProperties::setColorProperty (94 bytes)
Event: 4482.347 Thread 0x0000025667ca1990 6751       4       java.lang.String::compareTo (9 bytes)
Event: 4482.348 Thread 0x0000025667ca6380 nmethod 6750 0x000002565029b308 code [0x000002565029b400, 0x000002565029c398]
Event: 4482.349 Thread 0x0000025667ca1990 nmethod 6751 0x0000025657f22388 code [0x0000025657f22480, 0x0000025657f226d8]
Event: 4482.349 Thread 0x0000025667ca1990 6752       4       java.lang.StringLatin1::compareTo (14 bytes)
Event: 4482.351 Thread 0x0000025667ca6380 6754       3       java.awt.GridBagLayout::lookupConstraints (39 bytes)
Event: 4482.352 Thread 0x0000025667ca6380 nmethod 6754 0x00000256502ffd88 code [0x00000256502ffe80, 0x0000025650300578]

GC Heap Usage History (20 events):
Event: 3544.332 {heap Before GC invocations=26 (full 0):
 garbage-first heap   total reserved 3975168K, committed 20480K, used 16938K [0x000000070d600000, 0x0000000800000000)
  region size 2M, 4 eden (8M), 1 survivor (2M), 4 old (8M), 0 humongous (0M), 1 free (2M)
}
Event: 3544.333 {heap After GC invocations=27 (full 0):
 garbage-first heap   total reserved 3975168K, committed 20480K, used 9192K [0x000000070d600000, 0x0000000800000000)
  region size 2M, 0 eden (0M), 1 survivor (2M), 4 old (8M), 0 humongous (0M), 5 free (10M)
}
Event: 3544.357 {heap Before GC invocations=27 (full 0):
 garbage-first heap   total reserved 3975168K, committed 20480K, used 17384K [0x000000070d600000, 0x0000000800000000)
  region size 2M, 4 eden (8M), 1 survivor (2M), 4 old (8M), 0 humongous (0M), 1 free (2M)
}
Event: 3544.358 {heap After GC invocations=28 (full 0):
 garbage-first heap   total reserved 3975168K, committed 20480K, used 10179K [0x000000070d600000, 0x0000000800000000)
  region size 2M, 0 eden (0M), 1 survivor (2M), 4 old (8M), 0 humongous (0M), 5 free (10M)
}
Event: 3544.380 {heap Before GC invocations=28 (full 0):
 garbage-first heap   total reserved 3975168K, committed 20480K, used 18371K [0x000000070d600000, 0x0000000800000000)
  region size 2M, 4 eden (8M), 1 survivor (2M), 4 old (8M), 0 humongous (0M), 1 free (2M)
}
Event: 3544.381 {heap After GC invocations=29 (full 0):
 garbage-first heap   total reserved 3975168K, committed 22528K, used 11110K [0x000000070d600000, 0x0000000800000000)
  region size 2M, 0 eden (0M), 1 survivor (2M), 5 old (10M), 0 humongous (0M), 5 free (10M)
}
Event: 3544.405 {heap Before GC invocations=29 (full 0):
 garbage-first heap   total reserved 3975168K, committed 22528K, used 19302K [0x000000070d600000, 0x0000000800000000)
  region size 2M, 4 eden (8M), 1 survivor (2M), 5 old (10M), 0 humongous (0M), 1 free (2M)
}
Event: 3544.406 {heap After GC invocations=30 (full 0):
 garbage-first heap   total reserved 3975168K, committed 22528K, used 11995K [0x000000070d600000, 0x0000000800000000)
  region size 2M, 0 eden (0M), 1 survivor (2M), 5 old (10M), 0 humongous (0M), 5 free (10M)
}
Event: 3544.424 {heap Before GC invocations=30 (full 0):
 garbage-first heap   total reserved 3975168K, committed 22528K, used 20187K [0x000000070d600000, 0x0000000800000000)
  region size 2M, 4 eden (8M), 1 survivor (2M), 5 old (10M), 0 humongous (0M), 1 free (2M)
}
Event: 3544.425 {heap After GC invocations=31 (full 0):
 garbage-first heap   total reserved 3975168K, committed 24576K, used 12920K [0x000000070d600000, 0x0000000800000000)
  region size 2M, 0 eden (0M), 1 survivor (2M), 6 old (12M), 0 humongous (0M), 5 free (10M)
}
Event: 3551.266 {heap Before GC invocations=32 (full 0):
 garbage-first heap   total reserved 3975168K, committed 24576K, used 21112K [0x000000070d600000, 0x0000000800000000)
  region size 2M, 4 eden (8M), 1 survivor (2M), 6 old (12M), 0 humongous (0M), 1 free (2M)
}
Event: 3551.267 {heap After GC invocations=33 (full 0):
 garbage-first heap   total reserved 3975168K, committed 24576K, used 13345K [0x000000070d600000, 0x0000000800000000)
  region size 2M, 0 eden (0M), 1 survivor (2M), 6 old (12M), 0 humongous (0M), 5 free (10M)
}
Event: 3563.687 {heap Before GC invocations=33 (full 0):
 garbage-first heap   total reserved 3975168K, committed 24576K, used 21537K [0x000000070d600000, 0x0000000800000000)
  region size 2M, 4 eden (8M), 1 survivor (2M), 6 old (12M), 0 humongous (0M), 1 free (2M)
}
Event: 3563.688 {heap After GC invocations=34 (full 0):
 garbage-first heap   total reserved 3975168K, committed 26624K, used 11828K [0x000000070d600000, 0x0000000800000000)
  region size 2M, 0 eden (0M), 1 survivor (2M), 6 old (12M), 0 humongous (0M), 6 free (12M)
}
Event: 4391.814 {heap Before GC invocations=34 (full 0):
 garbage-first heap   total reserved 3975168K, committed 26624K, used 13876K [0x000000070d600000, 0x0000000800000000)
  region size 2M, 2 eden (4M), 1 survivor (2M), 6 old (12M), 0 humongous (0M), 4 free (8M)
}
Event: 4391.815 {heap After GC invocations=35 (full 0):
 garbage-first heap   total reserved 3975168K, committed 26624K, used 11710K [0x000000070d600000, 0x0000000800000000)
  region size 2M, 0 eden (0M), 1 survivor (2M), 6 old (12M), 0 humongous (0M), 6 free (12M)
}
Event: 4409.172 {heap Before GC invocations=36 (full 0):
 garbage-first heap   total reserved 3975168K, committed 26624K, used 23998K [0x000000070d600000, 0x0000000800000000)
  region size 2M, 2 eden (4M), 1 survivor (2M), 6 old (12M), 4 humongous (8M), 0 free (0M)
}
Event: 4409.175 {heap After GC invocations=37 (full 0):
 garbage-first heap   total reserved 3975168K, committed 28672K, used 20002K [0x000000070d600000, 0x0000000800000000)
  region size 2M, 0 eden (0M), 1 survivor (2M), 6 old (12M), 4 humongous (8M), 3 free (6M)
}
Event: 4409.425 {heap Before GC invocations=37 (full 0):
 garbage-first heap   total reserved 3975168K, committed 28672K, used 24098K [0x000000070d600000, 0x0000000800000000)
  region size 2M, 2 eden (4M), 1 survivor (2M), 6 old (12M), 4 humongous (8M), 1 free (2M)
}
Event: 4409.427 {heap After GC invocations=38 (full 0):
 garbage-first heap   total reserved 3975168K, committed 28672K, used 10962K [0x000000070d600000, 0x0000000800000000)
  region size 2M, 0 eden (0M), 1 survivor (2M), 5 old (10M), 0 humongous (0M), 8 free (16M)
}

Metaspace Usage History (20 events):
Event: 3544.332 {metaspace Before GC invocations=26 (full 0):
 Metaspace       used 18118K, committed 18624K, reserved 1114112K
  class space    used 1994K, committed 2240K, reserved 1048576K
}
Event: 3544.333 {metaspace After GC invocations=27 (full 0):
 Metaspace       used 18118K, committed 18624K, reserved 1114112K
  class space    used 1994K, committed 2240K, reserved 1048576K
}
Event: 3544.357 {metaspace Before GC invocations=27 (full 0):
 Metaspace       used 18158K, committed 18624K, reserved 1114112K
  class space    used 1994K, committed 2240K, reserved 1048576K
}
Event: 3544.358 {metaspace After GC invocations=28 (full 0):
 Metaspace       used 18158K, committed 18624K, reserved 1114112K
  class space    used 1994K, committed 2240K, reserved 1048576K
}
Event: 3544.380 {metaspace Before GC invocations=28 (full 0):
 Metaspace       used 18191K, committed 18752K, reserved 1114112K
  class space    used 1994K, committed 2240K, reserved 1048576K
}
Event: 3544.381 {metaspace After GC invocations=29 (full 0):
 Metaspace       used 18191K, committed 18752K, reserved 1114112K
  class space    used 1994K, committed 2240K, reserved 1048576K
}
Event: 3544.405 {metaspace Before GC invocations=29 (full 0):
 Metaspace       used 18236K, committed 18752K, reserved 1114112K
  class space    used 1994K, committed 2240K, reserved 1048576K
}
Event: 3544.406 {metaspace After GC invocations=30 (full 0):
 Metaspace       used 18236K, committed 18752K, reserved 1114112K
  class space    used 1994K, committed 2240K, reserved 1048576K
}
Event: 3544.424 {metaspace Before GC invocations=30 (full 0):
 Metaspace       used 18245K, committed 18816K, reserved 1114112K
  class space    used 1994K, committed 2240K, reserved 1048576K
}
Event: 3544.425 {metaspace After GC invocations=31 (full 0):
 Metaspace       used 18245K, committed 18816K, reserved 1114112K
  class space    used 1994K, committed 2240K, reserved 1048576K
}
Event: 3551.266 {metaspace Before GC invocations=32 (full 0):
 Metaspace       used 18246K, committed 18816K, reserved 1114112K
  class space    used 1994K, committed 2240K, reserved 1048576K
}
Event: 3551.267 {metaspace After GC invocations=33 (full 0):
 Metaspace       used 18246K, committed 18816K, reserved 1114112K
  class space    used 1994K, committed 2240K, reserved 1048576K
}
Event: 3563.687 {metaspace Before GC invocations=33 (full 0):
 Metaspace       used 18253K, committed 18816K, reserved 1114112K
  class space    used 1995K, committed 2240K, reserved 1048576K
}
Event: 3563.688 {metaspace After GC invocations=34 (full 0):
 Metaspace       used 18253K, committed 18816K, reserved 1114112K
  class space    used 1995K, committed 2240K, reserved 1048576K
}
Event: 4391.814 {metaspace Before GC invocations=34 (full 0):
 Metaspace       used 18255K, committed 18816K, reserved 1114112K
  class space    used 1995K, committed 2240K, reserved 1048576K
}
Event: 4391.815 {metaspace After GC invocations=35 (full 0):
 Metaspace       used 18255K, committed 18816K, reserved 1114112K
  class space    used 1995K, committed 2240K, reserved 1048576K
}
Event: 4409.172 {metaspace Before GC invocations=36 (full 0):
 Metaspace       used 18204K, committed 18816K, reserved 1114112K
  class space    used 1973K, committed 2240K, reserved 1048576K
}
Event: 4409.175 {metaspace After GC invocations=37 (full 0):
 Metaspace       used 18204K, committed 18816K, reserved 1114112K
  class space    used 1973K, committed 2240K, reserved 1048576K
}
Event: 4409.425 {metaspace Before GC invocations=37 (full 0):
 Metaspace       used 18204K, committed 18816K, reserved 1114112K
  class space    used 1973K, committed 2240K, reserved 1048576K
}
Event: 4409.427 {metaspace After GC invocations=38 (full 0):
 Metaspace       used 18204K, committed 18816K, reserved 1114112K
  class space    used 1973K, committed 2240K, reserved 1048576K
}

Dll operation events (20 events):
Event: 0.035 Attempting to load shared library C:\Program Files\Java\jdk-26.0.1\bin\net.dll
Event: 0.039 Loaded shared library C:\Program Files\Java\jdk-26.0.1\bin\net.dll
Event: 0.040 Attempting to load shared library C:\Program Files\Java\jdk-26.0.1\bin\nio.dll
Event: 0.045 Loaded shared library C:\Program Files\Java\jdk-26.0.1\bin\nio.dll
Event: 0.049 Attempting to load shared library C:\Program Files\Java\jdk-26.0.1\bin\zip.dll
Event: 0.053 Loaded shared library C:\Program Files\Java\jdk-26.0.1\bin\zip.dll
Event: 0.066 Attempting to load shared library C:\Program Files\Java\jdk-26.0.1\bin\jimage.dll
Event: 0.066 Loaded shared library C:\Program Files\Java\jdk-26.0.1\bin\jimage.dll
Event: 0.606 Attempting to load shared library C:\Program Files\Java\jdk-26.0.1\bin\awt.dll
Event: 0.617 Loaded shared library C:\Program Files\Java\jdk-26.0.1\bin\awt.dll
Event: 0.874 Attempting to load shared library C:\Program Files\Java\jdk-26.0.1\bin\freetype.dll
Event: 0.880 Loaded shared library C:\Program Files\Java\jdk-26.0.1\bin\freetype.dll
Event: 0.881 Attempting to load shared library C:\Program Files\Java\jdk-26.0.1\bin\fontmanager.dll
Event: 0.888 Loaded shared library C:\Program Files\Java\jdk-26.0.1\bin\fontmanager.dll
Event: 0.995 Attempting to load shared library C:\Windows\System32\ucrtbase.dll
Event: 0.995 Loaded shared library C:\Windows\System32\ucrtbase.dll
Event: 0.995 Attempting to load shared library C:\Program Files\Java\jdk-26.0.1\bin\syslookup.dll
Event: 0.999 Loaded shared library C:\Program Files\Java\jdk-26.0.1\bin\syslookup.dll
Event: 2551.850 Attempting to load shared library C:\Users\leire\AppData\Local\Temp\sqlite-3.53.2.0-9ed76ba6-7669-47ef-bc54-d945221119ca-sqlitejdbc.dll
Event: 2551.924 Loaded shared library C:\Users\leire\AppData\Local\Temp\sqlite-3.53.2.0-9ed76ba6-7669-47ef-bc54-d945221119ca-sqlitejdbc.dll

Deoptimization events (20 events):
Event: 4401.590 Thread 0x00000256756a4dc0 Uncommon trap: trap_request=0xffffff66 fr.pc=0x0000025657efc508 relative=0x0000000000000288
Event: 4401.590 Thread 0x00000256756a4dc0 Uncommon trap: reason=loop_limit_check action=maybe_recompile pc=0x0000025657efc508 method=java.awt.geom.AffineTransform.transform([FI[FII)V @ 470 c2
Event: 4401.590 Thread 0x00000256756a4dc0 DEOPT PACKING pc=0x0000025657efc508 sp=0x000000bea35fe1e0
Event: 4401.590 Thread 0x00000256756a4dc0 DEOPT UNPACKING pc=0x00000256577d3082 sp=0x000000bea35fe100 mode 2
Event: 4403.436 Thread 0x00000256756a4dc0 Uncommon trap: trap_request=0xffffff45 fr.pc=0x000002565800c100 relative=0x0000000000000400
Event: 4403.436 Thread 0x00000256756a4dc0 Uncommon trap: reason=unstable_if action=reinterpret pc=0x000002565800c100 method=javax.swing.DefaultBoundedRangeModel.setRangeProperties(IIIIZ)V @ 87 c2
Event: 4403.436 Thread 0x00000256756a4dc0 DEOPT PACKING pc=0x000002565800c100 sp=0x000000bea35feb40
Event: 4403.436 Thread 0x00000256756a4dc0 DEOPT UNPACKING pc=0x00000256577d3082 sp=0x000000bea35feae0 mode 2
Event: 4409.445 Thread 0x00000256756a4dc0 DEOPT PACKING pc=0x0000025650932928 sp=0x000000bea35fdea0
Event: 4409.445 Thread 0x00000256756a4dc0 DEOPT UNPACKING pc=0x00000256576f15a2 sp=0x000000bea35fd4c0 mode 0
Event: 4438.521 Thread 0x00000256756a4dc0 DEOPT PACKING pc=0x00000256508921d8 sp=0x000000bea35fe7b0
Event: 4438.521 Thread 0x00000256756a4dc0 DEOPT UNPACKING pc=0x00000256576f15a2 sp=0x000000bea35fdc08 mode 0
Event: 4482.018 Thread 0x00000256756a4dc0 Uncommon trap: trap_request=0xffffff45 fr.pc=0x00000256580e3274 relative=0x0000000000000074
Event: 4482.018 Thread 0x00000256756a4dc0 Uncommon trap: reason=unstable_if action=reinterpret pc=0x00000256580e3274 method=java.awt.Component.eventTypeEnabled(I)Z @ 235 c2
Event: 4482.018 Thread 0x00000256756a4dc0 DEOPT PACKING pc=0x00000256580e3274 sp=0x000000bea35fefb0
Event: 4482.018 Thread 0x00000256756a4dc0 DEOPT UNPACKING pc=0x00000256577d3082 sp=0x000000bea35fef40 mode 2
Event: 4482.349 Thread 0x00000256756a4dc0 Uncommon trap: trap_request=0xffffffc6 fr.pc=0x0000025658098c40 relative=0x0000000000005ac0
Event: 4482.349 Thread 0x00000256756a4dc0 Uncommon trap: reason=bimorphic_or_optimized_type_check action=maybe_recompile pc=0x0000025658098c40 method=java.awt.Container.validateTree()V @ 34 c2
Event: 4482.349 Thread 0x00000256756a4dc0 DEOPT PACKING pc=0x0000025658098c40 sp=0x000000bea35ff130
Event: 4482.349 Thread 0x00000256756a4dc0 DEOPT UNPACKING pc=0x00000256577d3082 sp=0x000000bea35ff0c8 mode 2

Classes loaded (20 events):
Event: 3532.476 Loading class java/awt/WaitDispatchSupport
Event: 3532.477 Loading class java/awt/SecondaryLoop
Event: 3532.477 Loading class java/awt/SecondaryLoop done
Event: 3532.477 Loading class java/awt/WaitDispatchSupport done
Event: 3532.477 Loading class java/awt/WaitDispatchSupport$4
Event: 3532.477 Loading class java/awt/WaitDispatchSupport$4 done
Event: 3532.477 Loading class java/awt/WaitDispatchSupport$1
Event: 3532.477 Loading class java/awt/WaitDispatchSupport$1 done
Event: 3532.477 Loading class java/awt/WaitDispatchSupport$2
Event: 3532.477 Loading class java/awt/WaitDispatchSupport$2 done
Event: 3532.478 Loading class sun/awt/ModalExclude
Event: 3532.478 Loading class sun/awt/ModalExclude done
Event: 3532.481 Loading class sun/awt/image/BufImgSurfaceManager
Event: 3532.481 Loading class sun/awt/image/BufImgSurfaceManager done
Event: 3534.739 Loading class java/awt/Window$1DisposeAction
Event: 3534.745 Loading class java/awt/Window$1DisposeAction done
Event: 3557.849 Loading class java/awt/Polygon
Event: 3557.853 Loading class java/awt/Polygon done
Event: 4391.849 Loading class sun/font/StrikeCache$1
Event: 4391.849 Loading class sun/font/StrikeCache$1 done

Classes unloaded (20 events):
Event: 4391.821 Thread 0x0000025667c7b3d0 Unloading class 0x000000002b14d400 'java/lang/invoke/LambdaForm$BMH+0x000000002b14d400'
Event: 4391.821 Thread 0x0000025667c7b3d0 Unloading class 0x000000002b14cc00 'java/lang/invoke/LambdaForm$DMH+0x000000002b14cc00'
Event: 4391.821 Thread 0x0000025667c7b3d0 Unloading class 0x000000002b14b800 'java/lang/invoke/LambdaForm$MH+0x000000002b14b800'
Event: 4391.821 Thread 0x0000025667c7b3d0 Unloading class 0x000000002b14b400 'java/lang/invoke/LambdaForm$MH+0x000000002b14b400'
Event: 4391.821 Thread 0x0000025667c7b3d0 Unloading class 0x000000002b14b000 'java/lang/invoke/LambdaForm$MH+0x000000002b14b000'
Event: 4391.821 Thread 0x0000025667c7b3d0 Unloading class 0x000000002b14a400 'java/lang/invoke/LambdaForm$DMH+0x000000002b14a400'
Event: 4391.821 Thread 0x0000025667c7b3d0 Unloading class 0x000000002b149400 'java/lang/invoke/LambdaForm$MH+0x000000002b149400'
Event: 4391.821 Thread 0x0000025667c7b3d0 Unloading class 0x000000002b149000 'java/lang/invoke/LambdaForm$MH+0x000000002b149000'
Event: 4391.821 Thread 0x0000025667c7b3d0 Unloading class 0x000000002b148c00 'java/lang/invoke/LambdaForm$MH+0x000000002b148c00'
Event: 4391.821 Thread 0x0000025667c7b3d0 Unloading class 0x000000002b148000 'java/lang/invoke/LambdaForm$MH+0x000000002b148000'
Event: 4391.821 Thread 0x0000025667c7b3d0 Unloading class 0x000000002b147c00 'java/lang/invoke/LambdaForm$MH+0x000000002b147c00'
Event: 4391.821 Thread 0x0000025667c7b3d0 Unloading class 0x000000002b147800 'java/lang/invoke/LambdaForm$MH+0x000000002b147800'
Event: 4391.821 Thread 0x0000025667c7b3d0 Unloading class 0x000000002b147000 'java/lang/invoke/LambdaForm$DMH+0x000000002b147000'
Event: 4391.821 Thread 0x0000025667c7b3d0 Unloading class 0x000000002b142400 'java/lang/invoke/LambdaForm$DMH+0x000000002b142400'
Event: 4391.821 Thread 0x0000025667c7b3d0 Unloading class 0x000000002b142000 'java/lang/invoke/LambdaForm$DMH+0x000000002b142000'
Event: 4391.821 Thread 0x0000025667c7b3d0 Unloading class 0x000000002b092c00 'java/lang/invoke/LambdaForm$BMH+0x000000002b092c00'
Event: 4391.821 Thread 0x0000025667c7b3d0 Unloading class 0x000000002b091800 'java/lang/invoke/LambdaForm$BMH+0x000000002b091800'
Event: 4391.821 Thread 0x0000025667c7b3d0 Unloading class 0x000000002b081c00 'java/lang/invoke/LambdaForm$DMH+0x000000002b081c00'
Event: 4391.821 Thread 0x0000025667c7b3d0 Unloading class 0x000000002b080c00 'java/lang/invoke/LambdaForm$DMH+0x000000002b080c00'
Event: 4391.821 Thread 0x0000025667c7b3d0 Unloading class 0x000000002b04d000 'java/lang/invoke/LambdaForm$DMH+0x000000002b04d000'

Classes redefined (0 events):
No events

Internal exceptions (20 events):
Event: 2556.645 Thread 0x00000256756a4dc0 Exception <a 'java/io/IOException'{0x000000070e0bb368}> (0x000000070e0bb368) 
thrown [s\open\src\hotspot\share\prims\jni.cpp, line 514]
Event: 2556.645 Thread 0x00000256756a4dc0 Exception <a 'java/io/IOException'{0x000000070e0bb930}> (0x000000070e0bb930) 
thrown [s\open\src\hotspot\share\prims\jni.cpp, line 514]
Event: 2556.645 Thread 0x00000256756a4dc0 Exception <a 'java/io/IOException'{0x000000070e0c01f0}> (0x000000070e0c01f0) 
thrown [s\open\src\hotspot\share\prims\jni.cpp, line 514]
Event: 2556.645 Thread 0x00000256756a4dc0 Exception <a 'java/io/IOException'{0x000000070e0c07b8}> (0x000000070e0c07b8) 
thrown [s\open\src\hotspot\share\prims\jni.cpp, line 514]
Event: 2762.059 Thread 0x00000256756a4dc0 Exception <a 'java/lang/NoSuchMethodError'{0x000000070e172ab0}: 'java.lang.Object java.lang.invoke.DirectMethodHandle$Holder.newInvokeSpecial(java.lang.Object, java.lang.Object, int, java.lang.Object, int)'> (0x000000070e172ab0) 
thrown [s\open\src\hotspot\share\interpreter\linkResolver.cpp, line 804]
Event: 2762.115 Thread 0x00000256756a4dc0 Exception <a 'java/lang/NoSuchMethodError'{0x000000070e1bcbe8}: 'java.lang.Object java.lang.invoke.DirectMethodHandle$Holder.newInvokeSpecial(java.lang.Object, java.lang.Object, long)'> (0x000000070e1bcbe8) 
thrown [s\open\src\hotspot\share\interpreter\linkResolver.cpp, line 804]
Event: 2762.115 Thread 0x00000256756a4dc0 Exception <a 'java/lang/NoSuchMethodError'{0x000000070e1c5540}: 'java.lang.Object java.lang.invoke.Invokers$Holder.linkToTargetMethod(java.lang.Object, long, java.lang.Object)'> (0x000000070e1c5540) 
thrown [s\open\src\hotspot\share\interpreter\linkResolver.cpp, line 804]
Event: 2762.442 Thread 0x00000256756a4dc0 Implicit null exception at 0x0000025657f224b0 to 0x0000025657f225d8
Event: 2769.770 Thread 0x00000256756a4dc0 Implicit null exception at 0x0000025657f2eb22 to 0x0000025657f329d8
Event: 3124.780 Thread 0x00000256756a4dc0 Exception <a 'java/io/IOException'{0x000000070e262330}> (0x000000070e262330) 
thrown [s\open\src\hotspot\share\prims\jni.cpp, line 514]
Event: 3124.780 Thread 0x00000256756a4dc0 Exception <a 'java/io/IOException'{0x000000070e2628f8}> (0x000000070e2628f8) 
thrown [s\open\src\hotspot\share\prims\jni.cpp, line 514]
Event: 3124.780 Thread 0x00000256756a4dc0 Exception <a 'java/io/IOException'{0x000000070e262f28}> (0x000000070e262f28) 
thrown [s\open\src\hotspot\share\prims\jni.cpp, line 514]
Event: 3124.780 Thread 0x00000256756a4dc0 Exception <a 'java/io/IOException'{0x000000070e2634f0}> (0x000000070e2634f0) 
thrown [s\open\src\hotspot\share\prims\jni.cpp, line 514]
Event: 3532.476 Thread 0x00000256756a4dc0 Exception <a 'java/lang/NoSuchMethodError'{0x000000070e468178}: 'int java.lang.invoke.DirectMethodHandle$Holder.invokeStatic(java.lang.Object)'> (0x000000070e468178) 
thrown [s\open\src\hotspot\share\interpreter\linkResolver.cpp, line 804]
Event: 3532.481 Thread 0x00000256756a4dc0 Implicit null exception at 0x000002565806297f to 0x0000025658063400
Event: 3546.204 Thread 0x00000256756a4dc0 Implicit null exception at 0x0000025657e2f843 to 0x0000025657e2fa18
Event: 4409.157 Thread 0x00000256756a4dc0 Exception <a 'java/io/IOException'{0x000000070e5e1f30}> (0x000000070e5e1f30) 
thrown [s\open\src\hotspot\share\prims\jni.cpp, line 514]
Event: 4409.157 Thread 0x00000256756a4dc0 Exception <a 'java/io/IOException'{0x000000070e5e24f8}> (0x000000070e5e24f8) 
thrown [s\open\src\hotspot\share\prims\jni.cpp, line 514]
Event: 4409.157 Thread 0x00000256756a4dc0 Exception <a 'java/io/IOException'{0x000000070e5e2b28}> (0x000000070e5e2b28) 
thrown [s\open\src\hotspot\share\prims\jni.cpp, line 514]
Event: 4409.157 Thread 0x00000256756a4dc0 Exception <a 'java/io/IOException'{0x000000070e5e30f0}> (0x000000070e5e30f0) 
thrown [s\open\src\hotspot\share\prims\jni.cpp, line 514]

VM Operations (20 events):
Event: 4342.361 Executing non-safepoint VM operation: RendezvousGCThreads
Event: 4342.361 Executing non-safepoint VM operation: RendezvousGCThreads done
Event: 4391.814 Executing safepoint VM operation: G1TryInitiateConcMark (G1 Humongous Allocation)
Event: 4391.815 Executing safepoint VM operation: G1TryInitiateConcMark (G1 Humongous Allocation) done
Event: 4391.820 Executing safepoint VM operation: G1PauseRemark
Event: 4391.832 Executing safepoint VM operation: G1PauseRemark done
Event: 4391.834 Executing safepoint VM operation: G1PauseCleanup
Event: 4391.834 Executing safepoint VM operation: G1PauseCleanup done
Event: 4402.588 Executing non-safepoint VM operation: HandshakeAllThreads (DeflationHandshakeClosure)
Event: 4402.588 Executing non-safepoint VM operation: HandshakeAllThreads (DeflationHandshakeClosure) done
Event: 4402.589 Executing non-safepoint VM operation: RendezvousGCThreads
Event: 4402.589 Executing non-safepoint VM operation: RendezvousGCThreads done
Event: 4409.172 Executing safepoint VM operation: G1CollectForAllocation (G1 Evacuation Pause)
Event: 4409.175 Executing safepoint VM operation: G1CollectForAllocation (G1 Evacuation Pause) done
Event: 4409.425 Executing safepoint VM operation: G1CollectForAllocation (G1 Evacuation Pause)
Event: 4409.427 Executing safepoint VM operation: G1CollectForAllocation (G1 Evacuation Pause) done
Event: 4462.726 Executing non-safepoint VM operation: HandshakeAllThreads (DeflationHandshakeClosure)
Event: 4462.726 Executing non-safepoint VM operation: HandshakeAllThreads (DeflationHandshakeClosure) done
Event: 4462.726 Executing non-safepoint VM operation: RendezvousGCThreads
Event: 4462.726 Executing non-safepoint VM operation: RendezvousGCThreads done

Memory protections (0 events):
No events

Nmethod flushes (20 events):
Event: 4391.831 Thread 0x0000025667c7b3d0 flushing  nmethod 0x00000256509a4c08
Event: 4391.831 Thread 0x0000025667c7b3d0 flushing  nmethod 0x00000256509a7688
Event: 4391.831 Thread 0x0000025667c7b3d0 flushing  nmethod 0x00000256509a7e08
Event: 4391.831 Thread 0x0000025667c7b3d0 flushing  nmethod 0x00000256509bbb08
Event: 4391.831 Thread 0x0000025667c7b3d0 flushing  nmethod 0x00000256509bc508
Event: 4391.831 Thread 0x0000025667c7b3d0 flushing  nmethod 0x00000256509bce88
Event: 4391.831 Thread 0x0000025667c7b3d0 flushing  nmethod 0x00000256509bdd08
Event: 4391.831 Thread 0x0000025667c7b3d0 flushing  nmethod 0x00000256509bfd88
Event: 4391.831 Thread 0x0000025667c7b3d0 flushing  nmethod 0x00000256509c2b08
Event: 4391.831 Thread 0x0000025667c7b3d0 flushing  nmethod 0x00000256509c7408
Event: 4391.831 Thread 0x0000025667c7b3d0 flushing  nmethod 0x00000256509c7d08
Event: 4391.831 Thread 0x0000025667c7b3d0 flushing  nmethod 0x00000256509c8388
Event: 4391.831 Thread 0x0000025667c7b3d0 flushing  nmethod 0x00000256509eb708
Event: 4391.831 Thread 0x0000025667c7b3d0 flushing  nmethod 0x0000025650a78508
Event: 4391.831 Thread 0x0000025667c7b3d0 flushing  nmethod 0x0000025650aa5e88
Event: 4391.831 Thread 0x0000025667c7b3d0 flushing  nmethod 0x0000025650aa6f88
Event: 4391.831 Thread 0x0000025667c7b3d0 flushing  nmethod 0x0000025650aac508
Event: 4391.831 Thread 0x0000025667c7b3d0 flushing  nmethod 0x0000025650aede88
Event: 4391.831 Thread 0x0000025667c7b3d0 flushing  nmethod 0x0000025650aee188
Event: 4391.831 Thread 0x0000025667c7b3d0 flushing  nmethod 0x0000025650bdf508

Events (20 events):
Event: 3532.452 Thread 0x00000256756a4dc0 Thread added: 0x000002566c7d05c0
Event: 3537.453 Thread 0x000002566c7d05c0 Thread exited: 0x000002566c7d05c0
Event: 3544.326 Thread 0x0000025667ca1990 Thread added: 0x000002566c4e0460
Event: 3544.327 Thread 0x000002566c4e0460 Thread added: 0x000002566c4e6520
Event: 3544.330 Thread 0x0000025667ca6380 Thread added: 0x000002566c4e5500
Event: 3544.360 Thread 0x000002566c4e5500 Thread added: 0x000002566c4e7540
Event: 3544.365 Thread 0x000002566c4e5500 Thread added: 0x000002566c4e44e0
Event: 3544.365 Thread 0x000002566c4e5500 Thread added: 0x000002566c4e5d10
Event: 3545.808 Thread 0x000002566c4e7540 Thread exited: 0x000002566c4e7540
Event: 3545.808 Thread 0x000002566c4e5d10 Thread exited: 0x000002566c4e5d10
Event: 3545.808 Thread 0x000002566c4e6520 Thread exited: 0x000002566c4e6520
Event: 3545.856 Thread 0x000002566c4e0460 Thread exited: 0x000002566c4e0460
Event: 3546.959 Thread 0x000002566c4e44e0 Thread exited: 0x000002566c4e44e0
Event: 3546.959 Thread 0x000002566c4e5500 Thread exited: 0x000002566c4e5500
Event: 4392.771 Thread 0x0000025667ca6380 Thread added: 0x000002566c4e2cb0
Event: 4393.278 Thread 0x000002566c4e2cb0 Thread exited: 0x000002566c4e2cb0
Event: 4393.280 Thread 0x0000025667ca6380 Thread added: 0x000002566c4e0460
Event: 4393.949 Thread 0x000002566c4e0460 Thread exited: 0x000002566c4e0460
Event: 4409.472 Thread 0x0000025667ca6380 Thread added: 0x000002566c4e2cb0
Event: 4414.504 Thread 0x000002566c4e2cb0 Thread exited: 0x000002566c4e2cb0


Dynamic libraries:
0x00007ff6ede50000 - 0x00007ff6ede60000 	C:\Program Files\Java\jdk-26.0.1\bin\javaw.exe
0x00007ff8bb460000 - 0x00007ff8bb6c6000 	C:\WINDOWS\SYSTEM32\ntdll.dll
0x00007ff871c20000 - 0x00007ff871c41000 	C:\Program Files\AVG\Antivirus\aswhook.dll
0x00007ff8ba2e0000 - 0x00007ff8ba3a9000 	C:\WINDOWS\System32\KERNEL32.DLL
0x00007ff8b8d80000 - 0x00007ff8b917f000 	C:\WINDOWS\System32\KERNELBASE.dll
0x00007ff8b86a0000 - 0x00007ff8b87ec000 	C:\WINDOWS\System32\ucrtbase.dll
0x00007ff898550000 - 0x00007ff898567000 	C:\Program Files\Java\jdk-26.0.1\bin\jli.dll
0x00007ff893d00000 - 0x00007ff893d1e000 	C:\Program Files\Java\jdk-26.0.1\bin\VCRUNTIME140.dll
0x00007ff8bb030000 - 0x00007ff8bb1f6000 	C:\WINDOWS\System32\USER32.dll
0x00007ff8b8670000 - 0x00007ff8b8697000 	C:\WINDOWS\System32\win32u.dll
0x00007ff8b9190000 - 0x00007ff8b91bb000 	C:\WINDOWS\System32\GDI32.dll
0x00007ff8b8ac0000 - 0x00007ff8b8be9000 	C:\WINDOWS\System32\gdi32full.dll
0x00007ff8a8460000 - 0x00007ff8a86f1000 	C:\WINDOWS\WinSxS\amd64_microsoft.windows.common-controls_6595b64144ccf1df_6.0.26100.8972_none_3e0da176e32f9d4b\COMCTL32.dll
0x00007ff8b8a10000 - 0x00007ff8b8ab3000 	C:\WINDOWS\System32\msvcp_win.dll
0x00007ff8b9610000 - 0x00007ff8b96b9000 	C:\WINDOWS\System32\msvcrt.dll
0x00007ff8babe0000 - 0x00007ff8bac12000 	C:\WINDOWS\System32\IMM32.DLL
0x00007ff899c00000 - 0x00007ff899c0c000 	C:\Program Files\Java\jdk-26.0.1\bin\vcruntime140_1.dll
0x00007ff86e380000 - 0x00007ff86e40d000 	C:\Program Files\Java\jdk-26.0.1\bin\msvcp140.dll
0x00007ff853920000 - 0x00007ff8547ee000 	C:\Program Files\Java\jdk-26.0.1\bin\server\jvm.dll
0x00007ff8ba3b0000 - 0x00007ff8ba46c000 	C:\WINDOWS\System32\ADVAPI32.dll
0x00007ff8b9460000 - 0x00007ff8b950a000 	C:\WINDOWS\System32\sechost.dll
0x00007ff8b9330000 - 0x00007ff8b9448000 	C:\WINDOWS\System32\RPCRT4.dll
0x00007ff8b92a0000 - 0x00007ff8b9322000 	C:\WINDOWS\System32\WS2_32.dll
0x00007ff8aba70000 - 0x00007ff8abaa6000 	C:\WINDOWS\SYSTEM32\WINMM.dll
0x00007ff8b0310000 - 0x00007ff8b031b000 	C:\WINDOWS\SYSTEM32\VERSION.dll
0x00007ff8b84d0000 - 0x00007ff8b852e000 	C:\WINDOWS\SYSTEM32\POWRPROF.dll
0x00007ff8b84b0000 - 0x00007ff8b84c5000 	C:\WINDOWS\SYSTEM32\UMPDC.dll
0x00007ff8b7360000 - 0x00007ff8b737b000 	C:\WINDOWS\SYSTEM32\kernel.appcore.dll
0x00007ff899ab0000 - 0x00007ff899aba000 	C:\Program Files\Java\jdk-26.0.1\bin\jimage.dll
0x00007ff8b5b30000 - 0x00007ff8b5d72000 	C:\WINDOWS\SYSTEM32\DBGHELP.DLL
0x00007ff8ba770000 - 0x00007ff8baaf5000 	C:\WINDOWS\System32\combase.dll
0x00007ff8bab00000 - 0x00007ff8babd9000 	C:\WINDOWS\System32\OLEAUT32.dll
0x00007ff8a9b20000 - 0x00007ff8a9b5b000 	C:\WINDOWS\SYSTEM32\dbgcore.DLL
0x00007ff8b8890000 - 0x00007ff8b893c000 	C:\WINDOWS\System32\bcryptPrimitives.dll
0x00007ff891f10000 - 0x00007ff891f2f000 	C:\Program Files\Java\jdk-26.0.1\bin\java.dll
0x00007ff8bb280000 - 0x00007ff8bb419000 	C:\WINDOWS\System32\ole32.dll
0x00007ff8b96c0000 - 0x00007ff8b9e48000 	C:\WINDOWS\System32\SHELL32.dll
0x00007ff8b6120000 - 0x00007ff8b69bb000 	C:\WINDOWS\SYSTEM32\windows.storage.dll
0x00007ff8bad90000 - 0x00007ff8bae89000 	C:\WINDOWS\System32\SHCORE.dll
0x00007ff8bafc0000 - 0x00007ff8bb026000 	C:\WINDOWS\System32\shlwapi.dll
0x00007ff8b8590000 - 0x00007ff8b85b9000 	C:\WINDOWS\SYSTEM32\profapi.dll
0x00007ff891800000 - 0x00007ff891812000 	C:\Program Files\Java\jdk-26.0.1\bin\net.dll
0x00007ff8b7910000 - 0x00007ff8b797c000 	C:\WINDOWS\system32\mswsock.dll
0x00007ff890dd0000 - 0x00007ff890de6000 	C:\Program Files\Java\jdk-26.0.1\bin\nio.dll
0x00007ff890c30000 - 0x00007ff890c47000 	C:\Program Files\Java\jdk-26.0.1\bin\zip.dll
0x00007ff861a00000 - 0x00007ff861b85000 	C:\Program Files\Java\jdk-26.0.1\bin\awt.dll
0x00007ff8b4fa0000 - 0x00007ff8b503f000 	C:\WINDOWS\SYSTEM32\apphelp.dll
0x00007ff8b5480000 - 0x00007ff8b54af000 	C:\WINDOWS\system32\DWMAPI.DLL
0x00007ff8b5240000 - 0x00007ff8b52e8000 	C:\WINDOWS\system32\uxtheme.dll
0x00007ff8557d0000 - 0x00007ff8558dc000 	C:\WINDOWS\system32\opengl32.dll
0x00007ff875e20000 - 0x00007ff875e4d000 	C:\WINDOWS\SYSTEM32\GLU32.dll
0x00007ff8b54d0000 - 0x00007ff8b5515000 	C:\WINDOWS\SYSTEM32\dxcore.dll
0x00007ff8bac20000 - 0x00007ff8bad7d000 	C:\WINDOWS\System32\MSCTF.dll
0x00007ff848190000 - 0x00007ff84a875000 	C:\WINDOWS\System32\DriverStore\FileRepository\u0202643.inf_amd64_8835e06f359414be\B026283\AMDXN64.DLL
0x00007ff8b9e50000 - 0x00007ff8ba2d7000 	C:\WINDOWS\System32\SETUPAPI.dll
0x00007ff8b5320000 - 0x00007ff8b545a000 	C:\WINDOWS\SYSTEM32\dxgi.dll
0x00007ff8b8560000 - 0x00007ff8b858a000 	C:\WINDOWS\SYSTEM32\BCrypt.dll
0x00007ff8aa2b0000 - 0x00007ff8aa2ee000 	C:\WINDOWS\System32\DriverStore\FileRepository\u0202643.inf_amd64_8835e06f359414be\B026283\amdihk64.dll
0x00007ff856ff0000 - 0x00007ff85707b000 	C:\Program Files\Java\jdk-26.0.1\bin\freetype.dll
0x00007ff856f00000 - 0x00007ff856fef000 	C:\Program Files\Java\jdk-26.0.1\bin\fontmanager.dll
0x00007ff8b91e0000 - 0x00007ff8b928e000 	C:\WINDOWS\System32\clbcatq.dll
0x00007ff8b3700000 - 0x00007ff8b392d000 	C:\WINDOWS\SYSTEM32\WindowsCodecs.dll
0x00007ff890d60000 - 0x00007ff890dbc000 	C:\WINDOWS\system32\dataexchange.dll
0x00007ff8afe00000 - 0x00007ff8b0050000 	C:\WINDOWS\system32\twinapi.appcore.dll
0x00007ff899780000 - 0x00007ff899789000 	C:\Program Files\Java\jdk-26.0.1\bin\syslookup.dll
0x00007ff897a00000 - 0x00007ff897a5d000 	C:\WINDOWS\system32\ApplicationTargetedFeatureDatabase.dll
0x00007ff8b19f0000 - 0x00007ff8b1b5a000 	C:\Windows\System32\WinTypes.dll
0x00007ff897750000 - 0x00007ff897896000 	C:\WINDOWS\SYSTEM32\textinputframework.dll
0x00007ff88f180000 - 0x00007ff88f1f5000 	C:\WINDOWS\system32\Oleacc.dll
0x00007ff8b4b90000 - 0x00007ff8b4cbb000 	C:\WINDOWS\SYSTEM32\CoreMessaging.dll
0x00007ff8b1c90000 - 0x00007ff8b1f74000 	C:\WINDOWS\SYSTEM32\CoreUIComponents.dll
0x00007ff8b7c20000 - 0x00007ff8b7c2c000 	C:\WINDOWS\SYSTEM32\CRYPTBASE.DLL
0x00007ff8b7c00000 - 0x00007ff8b7c1b000 	C:\WINDOWS\SYSTEM32\CRYPTSP.dll
0x00007ff8b72c0000 - 0x00007ff8b72f9000 	C:\WINDOWS\system32\rsaenh.dll
0x00007ff8b79c0000 - 0x00007ff8b79f2000 	C:\WINDOWS\SYSTEM32\USERENV.dll
0x00007ff8b6dc0000 - 0x00007ff8b6df3000 	C:\WINDOWS\SYSTEM32\IPHLPAPI.DLL
0x00007ff8ba480000 - 0x00007ff8ba48a000 	C:\WINDOWS\System32\NSI.dll
0x00007ff898900000 - 0x00007ff898a00000 	C:\Users\leire\AppData\Local\Temp\sqlite-3.53.2.0-9ed76ba6-7669-47ef-bc54-d945221119ca-sqlitejdbc.dll
0x00007ff8976c0000 - 0x00007ff897740000 	C:\WINDOWS\system32\Ninput.dll

JVMTI agents: none

dbghelp: loaded successfully - version: 4.0.5 - missing functions: none
symbol engine: initialized successfully - sym options: 0x614 - pdb path: .;C:\Program Files\Java\jdk-26.0.1\bin;C:\WINDOWS\SYSTEM32;C:\Program Files\AVG\Antivirus;C:\WINDOWS\WinSxS\amd64_microsoft.windows.common-controls_6595b64144ccf1df_6.0.26100.8972_none_3e0da176e32f9d4b;C:\Program Files\Java\jdk-26.0.1\bin\server;C:\WINDOWS\System32\DriverStore\FileRepository\u0202643.inf_amd64_8835e06f359414be\B026283;C:\Users\leire\AppData\Local\Temp

VM Arguments:
java_command: C:\Users\leire\Documents\programa ope\preguntasTest\MiProyecto.jar
java_class_path (initial): C:\Users\leire\Documents\programa ope\preguntasTest\MiProyecto.jar
Launcher Type: SUN_STANDARD

[Global flags]
     bool AOTAdapterCaching                        = false                                  {diagnostic} {ergonomic}
     bool AOTInvokeDynamicLinking                  = false                                  {diagnostic} {ergonomic}
     bool AOTRecordTraining                        = false                                  {diagnostic} {ergonomic}
     bool AOTReplayTraining                        = false                                  {diagnostic} {ergonomic}
     bool AOTStubCaching                           = false                                  {diagnostic} {ergonomic}
     intx CICompilerCount                          = 12                                        {product} {ergonomic}
     uint ConcGCThreads                            = 3                                         {product} {ergonomic}
     uint G1ConcRefinementThreads                  = 13                                        {product} {ergonomic}
     uint G1EagerReclaimRemSetThreshold            = 16                                   {experimental} {ergonomic}
   size_t G1HeapRegionSize                         = 2097152                                   {product} {ergonomic}
     uint G1RemSetArrayOfCardsEntries              = 16                                   {experimental} {ergonomic}
     uint G1RemSetHowlMaxNumBuckets                = 8                                    {experimental} {ergonomic}
     uint G1RemSetHowlNumBuckets                   = 8                                    {experimental} {ergonomic}
   size_t InitialHeapSize                          = 8388608                                   {product} {ergonomic}
     bool IntelJccErratumMitigation                = false                             {ARCH diagnostic} {ergonomic}
   size_t MarkStackSize                            = 4194304                                   {product} {ergonomic}
   size_t MarkStackSizeMax                         = 536870912                                 {product} {ergonomic}
   size_t MaxHeapSize                              = 4070572032                                {product} {ergonomic}
   size_t MaxNewSize                               = 2441084928                                {product} {ergonomic}
 uint64_t MaxRAM                                   = 16279855104                               {product} {ergonomic}
   size_t MinHeapDeltaBytes                        = 2097152                                   {product} {ergonomic}
   size_t MinHeapSize                              = 8388608                                   {product} {ergonomic}
   size_t NonNMethodCodeHeapSize                   = 7667712                                {pd product} {ergonomic}
   size_t NonProfiledCodeHeapSize                  = 122028032                              {pd product} {ergonomic}
   size_t ProfiledCodeHeapSize                     = 122028032                              {pd product} {ergonomic}
   size_t ReservedCodeCacheSize                    = 251723776                              {pd product} {ergonomic}
     bool SegmentedCodeCache                       = true                                      {product} {ergonomic}
   size_t SoftMaxHeapSize                          = 4070572032                             {manageable} {ergonomic}
     bool UseCompressedOops                        = true                           {product lp64_product} {ergonomic}
     bool UseCondCardMark                          = true                                      {product} {ergonomic}
     bool UseFastUnorderedTimeStamps               = true                                 {experimental} {ergonomic}
     bool UseG1GC                                  = true                                      {product} {ergonomic}
     bool UseLargePagesIndividualAllocation        = false                                  {pd product} {ergonomic}
      int X86ICacheSync                            = 3                                 {ARCH diagnostic} {ergonomic}

Logging:
Log output configuration:
 #0: stdout all=warning uptime,level,tags foldmultilines=false
 #1: stderr all=off uptime,level,tags foldmultilines=false

Release file:
IMPLEMENTOR="Oracle Corporation" 
JAVA_RUNTIME_VERSION="26.0.1+8-34" 
JAVA_VERSION="26.0.1" 
JAVA_VERSION_DATE="2026-04-21" 
LIBC="default" 
MODULES="java.base java.compiler java.datatransfer java.xml java.prefs java.desktop java.instrument java.logging java.management java.security.sasl java.naming java.rmi java.management.rmi java.net.http java.scripting java.security.jgss java.transaction.xa java.sql java.sql.rowset java.xml.crypto java.se java.smartcardio jdk.accessibility jdk.internal.jvmstat jdk.attach jdk.charsets jdk.internal.opt jdk.zipfs jdk.compiler jdk.crypto.cryptoki jdk.crypto.ec jdk.crypto.mscapi jdk.dynalink jdk.internal.ed jdk.editpad jdk.internal.vm.ci jdk.graal.compiler jdk.graal.compiler.management jdk.hotspot.agent jdk.httpserver jdk.incubator.vector jdk.internal.le jdk.internal.md jdk.jartool jdk.javadoc jdk.jcmd jdk.management jdk.management.agent jdk.jconsole jdk.jdeps jdk.jdwp.agent jdk.jdi jdk.jfr jdk.jlink jdk.jpackage jdk.jshell jdk.jstatd jdk.localedata jdk.management.jfr jdk.naming.dns jdk.naming.rmi jdk.net jdk.nio.mapmode jdk.sctp jdk.security.auth jdk.security.jgss jdk.unsupported jdk.unsupported.desktop jdk.xml.dom" 
OS_ARCH="x86_64" 
OS_NAME="Windows" 
SOURCE=".:git:8fcde8268d22 open:git:fcc00fc4aee7" 

Environment Variables:
PATH=C:\Program Files\Common Files\Oracle\Java\javapath;C:\Program Files (x86)\Common Files\Oracle\Java\java8path;C:\Program Files (x86)\Common Files\Oracle\Java\javapath;C:\WINDOWS\system32;C:\WINDOWS;C:\WINDOWS\System32\Wbem;C:\WINDOWS\System32\WindowsPowerShell\v1.0\;C:\WINDOWS\System32\OpenSSH\;C:\Program Files\dotnet\;C:\Program Files\Cloudflare\Cloudflare WARP\;C:\Program Files\Git\cmd;C:\Users\leire\AppData\Local\Microsoft\WindowsApps;C:\Users\leire\AppData\Local\Muse Hub\lib;C:\Users\leire\AppData\Local\Programs\Microsoft VS Code\bin;C:\Users\leire\AppData\Local\GitHubDesktop\bin;C:\Program Files\Java\jdk-26.0.1\bin;C:\Program Files (x86)\apache-maven-3.9.16\bin;
USERNAME=leire
OS=Windows_NT
PROCESSOR_IDENTIFIER=AMD64 Family 26 Model 96 Stepping 0, AuthenticAMD
TMP=C:\Users\leire\AppData\Local\Temp
TEMP=C:\Users\leire\AppData\Local\Temp




Compilation memory statistics disabled.

Periodic native trim disabled

---------------  S Y S T E M  ---------------

OS:
 Windows 11 , 64 bit Build 26100 (10.0.26100.9168)
OS uptime: 0 days 3:08 hours
Hyper-V role detected

CPU: total 16 (initial active 16) (8 cores per cpu, 2 threads per core) family 26 model 96 stepping 0 microcode 0xb600037, cx8, cmov, fxsr, ht, mmx, 3dnowpref, sse, sse2, sse3, ssse3, sse4a, sse4.1, sse4.2, popcnt, lzcnt, tsc, tscinvbit, avx, avx2, aes, erms, clmul, bmi1, bmi2, adx, avx512f, avx512dq, avx512cd, avx512bw, avx512vl, sha, fma, vzeroupper, avx512_vpopcntdq, avx512_vpclmulqdq, avx512_vaes, avx512_vnni, clflush, clflushopt, clwb, avx512_vbmi2, avx512_vbmi, hv, rdtscp, rdpid, fsrm, gfni, avx512_bitalg, f16c, cet_ss, avx512_ifma
Processor Information for the first 16 processors :
  Max Mhz: 2000, Current Mhz: 2000, Mhz Limit: 2000

Memory: 4k page, system-wide physical 15525M (2950M free)
TotalPageFile size 24741M (AvailPageFile size 9189M)
current process WorkingSet (physical memory assigned to process): 237M, peak: 269M
current process commit charge ("private bytes"): 286M, peak: 348M

vm_info: Java HotSpot(TM) 64-Bit Server VM (26.0.1+8-34) for windows-amd64 JRE (26.0.1+8-34), built on 2026-03-10T17:24:10Z with MS VC++ 17.13 (VS2022)

END.
